Component: ARM Compiler 5.06 update 7 (build 960) Tool: armlink [4d3601]

==============================================================================

Section Cross References

    systick.o(i.delay_1ms) refers to systick.o(.data) for delay
    systick.o(i.delay_1us) refers to systick.o(.data) for delay
    systick.o(i.delay_decrement) refers to systick.o(.data) for delay
    systick.o(i.systick_config) refers to systick.o(i.NVIC_SetPriority) for NVIC_SetPriority
    systick.o(i.systick_config) refers to system_gd32f4xx.o(.data) for SystemCoreClock
    main.o(i.main) refers to gd32f4xx_misc.o(i.nvic_priority_group_set) for nvic_priority_group_set
    main.o(i.main) refers to systick.o(i.systick_config) for systick_config
    main.o(i.main) refers to bsp_usart.o(i.usart_gpio_config) for usart_gpio_config
    main.o(i.main) refers to bsp_usart.o(i.usart2_gpio_config) for usart2_gpio_config
    main.o(i.main) refers to bsp_usart.o(i.uart6_gpio_config) for uart6_gpio_config
    main.o(i.main) refers to bsp_pwm.o(i.pwm1_config) for pwm1_config
    main.o(i.main) refers to bsp_led.o(i.led_gpio_config) for led_gpio_config
    main.o(i.main) refers to bsp_lcd.o(i.lcd_gpio_config) for lcd_gpio_config
    main.o(i.main) refers to bsp_buzzer.o(i.buzzer_gpio_config) for buzzer_gpio_config
    main.o(i.main) refers to bsp_eye.o(i.eye_gpio_config) for eye_gpio_config
    main.o(i.main) refers to bsp_motor.o(i.motor_gpio_config) for motor_gpio_config
    main.o(i.main) refers to bsp_pca9685.o(i.PCA9685_Init) for PCA9685_Init
    main.o(i.main) refers to bsp_ps2.o(i.PS2_SetInit) for PS2_SetInit
    main.o(i.main) refers to printf6.o(i.__0printf$6) for __2printf
    main.o(i.main) refers to systick.o(i.delay_1ms) for delay_1ms
    main.o(i.main) refers to bsp_lcd.o(i.LCD_Clear) for LCD_Clear
    main.o(i.main) refers to gd32f4xx_gpio.o(i.gpio_bit_write) for gpio_bit_write
    main.o(i.main) refers to bsp_lcd.o(i.LCD_ShowPicture) for LCD_ShowPicture
    main.o(i.main) refers to bsp_ps2.o(i.PS2_DataKey) for PS2_DataKey
    main.o(i.main) refers to bsp_motor.o(i.motor_forward) for motor_forward
    main.o(i.main) refers to bsp_motor.o(i.motor_backward) for motor_backward
    main.o(i.main) refers to bsp_motor.o(i.motor_rightward) for motor_rightward
    main.o(i.main) refers to bsp_motor.o(i.motor_leftward) for motor_leftward
    main.o(i.main) refers to bsp_motor.o(i.motor_stop) for motor_stop
    main.o(i.main) refers to bsp_buzzer.o(i.switch_buzzer_status) for switch_buzzer_status
    main.o(i.main) refers to bsp_eye.o(i.switch_eye_left_status) for switch_eye_left_status
    main.o(i.main) refers to bsp_eye.o(i.switch_eye_right_status) for switch_eye_right_status
    main.o(i.main) refers to bsp_pca9685.o(i.setAngle) for setAngle
    main.o(i.main) refers to bsp_ps2.o(i.PS2_RedLight) for PS2_RedLight
    main.o(i.main) refers to bsp_ps2.o(i.PS2_AnologData) for PS2_AnologData
    main.o(i.main) refers to memseta.o(.text) for __aeabi_memclr
    main.o(i.main) refers to bsp_lcd.o(.data) for BACK_COLOR
    main.o(i.main) refers to main.o(.constdata) for WALL_E
    main.o(i.main) refers to main.o(.data) for speed
    main.o(i.main) refers to bsp_usart.o(.data) for g_recv_complete_flag_uart6
    main.o(i.main) refers to bsp_usart.o(.bss) for g_recv_buff_uart6
    gd32f4xx_it.o(i.SysTick_Handler) refers to systick.o(i.delay_decrement) for delay_decrement
    system_gd32f4xx.o(i.SystemCoreClockUpdate) refers to system_gd32f4xx.o(.data) for SystemCoreClock
    system_gd32f4xx.o(i.SystemInit) refers to system_gd32f4xx.o(i.system_clock_config) for system_clock_config
    system_gd32f4xx.o(i.system_clock_config) refers to system_gd32f4xx.o(i.system_clock_200m_25m_hxtal) for system_clock_200m_25m_hxtal
    startup_gd32f450_470.o(RESET) refers to startup_gd32f450_470.o(STACK) for __initial_sp
    startup_gd32f450_470.o(RESET) refers to startup_gd32f450_470.o(.text) for Reset_Handler
    startup_gd32f450_470.o(RESET) refers to gd32f4xx_it.o(i.NMI_Handler) for NMI_Handler
    startup_gd32f450_470.o(RESET) refers to gd32f4xx_it.o(i.HardFault_Handler) for HardFault_Handler
    startup_gd32f450_470.o(RESET) refers to gd32f4xx_it.o(i.MemManage_Handler) for MemManage_Handler
    startup_gd32f450_470.o(RESET) refers to gd32f4xx_it.o(i.BusFault_Handler) for BusFault_Handler
    startup_gd32f450_470.o(RESET) refers to gd32f4xx_it.o(i.UsageFault_Handler) for UsageFault_Handler
    startup_gd32f450_470.o(RESET) refers to gd32f4xx_it.o(i.SVC_Handler) for SVC_Handler
    startup_gd32f450_470.o(RESET) refers to gd32f4xx_it.o(i.DebugMon_Handler) for DebugMon_Handler
    startup_gd32f450_470.o(RESET) refers to gd32f4xx_it.o(i.PendSV_Handler) for PendSV_Handler
    startup_gd32f450_470.o(RESET) refers to gd32f4xx_it.o(i.SysTick_Handler) for SysTick_Handler
    startup_gd32f450_470.o(RESET) refers to bsp_key.o(i.EXTI0_IRQHandler) for EXTI0_IRQHandler
    startup_gd32f450_470.o(RESET) refers to bsp_timer.o(i.TIMER2_IRQHandler) for TIMER2_IRQHandler
[...]
    Removing gd32f4xx_adc.o(i.adc_regular_channel_config), (172 bytes).
    Removing gd32f4xx_adc.o(i.adc_regular_data_read), (8 bytes).
    Removing gd32f4xx_adc.o(i.adc_regular_software_startconv_flag_get), (16 bytes).
    Removing gd32f4xx_adc.o(i.adc_resolution_config), (16 bytes).
    Removing gd32f4xx_adc.o(i.adc_software_trigger_enable), (36 bytes).
    Removing gd32f4xx_adc.o(i.adc_special_function_config), (90 bytes).
    Removing gd32f4xx_adc.o(i.adc_sync_delay_config), (36 bytes).
    Removing gd32f4xx_adc.o(i.adc_sync_dma_config), (36 bytes).
    Removing gd32f4xx_adc.o(i.adc_sync_dma_request_after_last_disable), (24 bytes).
    Removing gd32f4xx_adc.o(i.adc_sync_dma_request_after_last_enable), (24 bytes).
    Removing gd32f4xx_adc.o(i.adc_sync_mode_config), (36 bytes).
    Removing gd32f4xx_adc.o(i.adc_sync_regular_data_read), (12 bytes).
    Removing gd32f4xx_adc.o(i.adc_watchdog_disable), (50 bytes).
    Removing gd32f4xx_adc.o(i.adc_watchdog_group_channel_enable), (64 bytes).
    Removing gd32f4xx_adc.o(i.adc_watchdog_single_channel_disable), (10 bytes).
    Removing gd32f4xx_adc.o(i.adc_watchdog_single_channel_enable), (24 bytes).
    Removing gd32f4xx_adc.o(i.adc_watchdog_threshold_config), (14 bytes).
    Removing gd32f4xx_wwdgt.o(.rev16_text), (4 bytes).
    Removing gd32f4xx_wwdgt.o(.revsh_text), (4 bytes).
    Removing gd32f4xx_wwdgt.o(i.wwdgt_config), (56 bytes).
    Removing gd32f4xx_wwdgt.o(i.wwdgt_counter_update), (28 bytes).
    Removing gd32f4xx_wwdgt.o(i.wwdgt_deinit), (20 bytes).
    Removing gd32f4xx_wwdgt.o(i.wwdgt_enable), (20 bytes).
    Removing gd32f4xx_wwdgt.o(i.wwdgt_flag_clear), (20 bytes).
    Removing gd32f4xx_wwdgt.o(i.wwdgt_flag_get), (24 bytes).
    Removing gd32f4xx_wwdgt.o(i.wwdgt_interrupt_enable), (20 bytes).
    Removing dfixul.o(.text), (48 bytes).

352 unused section(s) (total 15717 bytes) removed from the image.

==============================================================================

Image Symbol Table

    Local Symbols

    Symbol Name                              Value     Ov Type        Size  Object(Section)

    ../clib/../cmprslib/zerorunl2.c          0x00000000   Number         0  __dczerorl2.o ABSOLUTE
    ../clib/microlib/division.c              0x00000000   Number         0  uldiv.o ABSOLUTE
    ../clib/microlib/division.c              0x00000000   Number         0  uidiv.o ABSOLUTE
    ../clib/microlib/init/entry.s            0x00000000   Number         0  entry12a.o ABSOLUTE
    ../clib/microlib/init/entry.s            0x00000000   Number         0  entry5.o ABSOLUTE
    ../clib/microlib/init/entry.s            0x00000000   Number         0  entry2.o ABSOLUTE
    ../clib/microlib/init/entry.s            0x00000000   Number         0  entry12b.o ABSOLUTE
    ../clib/microlib/init/entry.s            0x00000000   Number         0  entry11b.o ABSOLUTE
    ../clib/microlib/init/entry.s            0x00000000   Number         0  entry8a.o ABSOLUTE
    ../clib/microlib/init/entry.s            0x00000000   Number         0  entry11a.o ABSOLUTE
    ../clib/microlib/init/entry.s            0x00000000   Number         0  entry10b.o ABSOLUTE
    ../clib/microlib/init/entry.s            0x00000000   Number         0  entry10a.o ABSOLUTE
    ../clib/microlib/init/entry.s            0x00000000   Number         0  entry9b.o ABSOLUTE
    ../clib/microlib/init/entry.s            0x00000000   Number         0  entry.o ABSOLUTE
    ../clib/microlib/init/entry.s            0x00000000   Number         0  entry9a.o ABSOLUTE
    ../clib/microlib/init/entry.s            0x00000000   Number         0  entry7a.o ABSOLUTE
    ../clib/microlib/init/entry.s            0x00000000   Number         0  entry7b.o ABSOLUTE
    ../clib/microlib/init/entry.s            0x00000000   Number         0  entry8b.o ABSOLUTE
    ../clib/microlib/longlong.c              0x00000000   Number         0  llshl.o ABSOLUTE
    ../clib/microlib/longlong.c              0x00000000   Number         0  llushr.o ABSOLUTE
    ../clib/microlib/longlong.c              0x00000000   Number         0  llsshr.o ABSOLUTE
    ../clib/microlib/printf/printf.c         0x00000000   Number         0  printfa.o ABSOLUTE
    ../clib/microlib/printf/printf.c         0x00000000   Number         0  printf3.o ABSOLUTE
    ../clib/microlib/printf/printf.c         0x00000000   Number         0  printfb.o ABSOLUTE
    ../clib/microlib/printf/printf.c         0x00000000   Number         0  printf0.o ABSOLUTE
    ../clib/microlib/printf/printf.c         0x00000000   Number         0  printf1.o ABSOLUTE
    ../clib/microlib/printf/printf.c         0x00000000   Number         0  printf2.o ABSOLUTE
    ../clib/microlib/printf/printf.c         0x00000000   Number         0  printf4.o ABSOLUTE
    ../clib/microlib/printf/printf.c         0x00000000   Number         0  printf5.o ABSOLUTE
    ../clib/microlib/printf/printf.c         0x00000000   Number         0  printf6.o ABSOLUTE
    ../clib/microlib/printf/printf.c         0x00000000   Number         0  printf8.o ABSOLUTE
    ../clib/microlib/printf/printf.c         0x00000000   Number         0  printf7.o ABSOLUTE
    ../clib/microlib/printf/stubs.s          0x00000000   Number         0  stubs.o ABSOLUTE
    ../clib/microlib/stdio/streams.c         0x00000000   Number         0  stdout.o ABSOLUTE
    ../clib/microlib/string/memset.c         0x00000000   Number         0  memseta.o ABSOLUTE
    ../clib/microlib/stubs.s                 0x00000000   Number         0  iusefp.o ABSOLUTE
    ../fplib/microlib/f2d.c                  0x00000000   Number         0  f2d.o ABSOLUTE
    ../fplib/microlib/fpadd.c                0x00000000   Number         0  dadd.o ABSOLUTE
    ../fplib/microlib/fpdiv.c                0x00000000   Number         0  ddiv.o ABSOLUTE
    ../fplib/microlib/fpepilogue.c           0x00000000   Number         0  depilogue.o ABSOLUTE
    ../fplib/microlib/fpfix.c                0x00000000   Number         0  dfixui.o ABSOLUTE
    ../fplib/microlib/fpfix.c                0x00000000   Number         0  dfixul.o ABSOLUTE
    ../fplib/microlib/fpflt.c                0x00000000   Number         0  dfltui.o ABSOLUTE
    ../fplib/microlib/fpmul.c                0x00000000   Number         0  dmul.o ABSOLUTE
    ../mathlib/floor.c                       0x00000000   Number         0  floor.o ABSOLUTE
    ..\Firmware\CMSIS\GD\GD32F4xx\Source\ARM\startup_gd32f450_470.s 0x00000000   Number         0  startup_gd32f450_470.o ABSOLUTE
    ..\Firmware\CMSIS\GD\GD32F4xx\Source\system_gd32f4xx.c 0x00000000   Number         0  system_gd32f4xx.o ABSOLUTE
    ..\Firmware\GD32F4xx_standard_peripheral\Source\gd32f4xx_adc.c 0x00000000   Number         0  gd32f4xx_adc.o ABSOLUTE
    ..\Firmware\GD32F4xx_standard_peripheral\Source\gd32f4xx_dma.c 0x00000000   Number         0  gd32f4xx_dma.o ABSOLUTE
    ..\Firmware\GD32F4xx_standard_peripheral\Source\gd32f4xx_exti.c 0x00000000   Number         0  gd32f4xx_exti.o ABSOLUTE
    ..\Firmware\GD32F4xx_standard_peripheral\Source\gd32f4xx_gpio.c 0x00000000   Number         0  gd32f4xx_gpio.o ABSOLUTE
    ..\Firmware\GD32F4xx_standard_peripheral\Source\gd32f4xx_misc.c 0x00000000   Number         0  gd32f4xx_misc.o ABSOLUTE
    ..\Firmware\GD32F4xx_standard_peripheral\Source\gd32f4xx_rcu.c 0x00000000   Number         0  gd32f4xx_rcu.o ABSOLUTE
    ..\Firmware\GD32F4xx_standard_peripheral\Source\gd32f4xx_syscfg.c 0x00000000   Number         0  gd32f4xx_syscfg.o ABSOLUTE
    ..\Firmware\GD32F4xx_standard_peripheral\Source\gd32f4xx_timer.c 0x00000000   Number         0  gd32f4xx_timer.o ABSOLUTE
    ..\Firmware\GD32F4xx_standard_peripheral\Source\gd32f4xx_usart.c 0x00000000   Number         0  gd32f4xx_usart.o ABSOLUTE
    ..\Firmware\GD32F4xx_standard_peripheral\Source\gd32f4xx_wwdgt.c 0x00000000   Number         0  gd32f4xx_wwdgt.o ABSOLUTE
    ..\Hardware\adc\bsp_adc.c                0x00000000   Number         0  bsp_adc.o ABSOLUTE
    ..\Hardware\bluetooth\bsp_bluetooth.c    0x00000000   Number         0  bsp_bluetooth.o ABSOLUTE
    ..\Hardware\buzzer\bsp_buzzer.c          0x00000000   Number         0  bsp_buzzer.o ABSOLUTE
    ..\Hardware\dma\bsp_dma.c                0x00000000   Number         0  bsp_dma.o ABSOLUTE
    ..\Hardware\eye\bsp_eye.c                0x00000000   Number         0  bsp_eye.o ABSOLUTE
    ..\Hardware\key\bsp_key.c                0x00000000   Number         0  bsp_key.o ABSOLUTE
    ..\Hardware\lcd\bsp_lcd.c                0x00000000   Number         0  bsp_lcd.o ABSOLUTE
    ..\Hardware\led\bsp_led.c                0x00000000   Number         0  bsp_led.o ABSOLUTE
    ..\Hardware\motor\bsp_motor.c            0x00000000   Number         0  bsp_motor.o ABSOLUTE
    ..\Hardware\pca9685\bsp_pca9685.c        0x00000000   Number         0  bsp_pca9685.o ABSOLUTE
    ..\Hardware\ps2\bsp_ps2.c                0x00000000   Number         0  bsp_ps2.o ABSOLUTE
    ..\Hardware\pwm\bsp_pwm.c                0x00000000   Number         0  bsp_pwm.o ABSOLUTE
    ..\Hardware\timer\bsp_timer.c            0x00000000   Number         0  bsp_timer.o ABSOLUTE
    ..\Hardware\usart\bsp_usart.c            0x00000000   Number         0  bsp_usart.o ABSOLUTE
    ..\User\gd32f4xx_it.c                    0x00000000   Number         0  gd32f4xx_it.o ABSOLUTE
    ..\User\main.c                           0x00000000   Number         0  main.o ABSOLUTE
    ..\User\sys.c                            0x00000000   Number         0  sys.o ABSOLUTE
    ..\User\systick.c                        0x00000000   Number         0  systick.o ABSOLUTE
    ..\\Firmware\\CMSIS\\GD\\GD32F4xx\\Source\\system_gd32f4xx.c 0x00000000   Number         0  system_gd32f4xx.o ABSOLUTE
    ..\\Firmware\\GD32F4xx_standard_peripheral\\Source\\gd32f4xx_adc.c 0x00000000   Number         0  gd32f4xx_adc.o ABSOLUTE
    ..\\Firmware\\GD32F4xx_standard_peripheral\\Source\\gd32f4xx_dma.c 0x00000000   Number         0  gd32f4xx_dma.o ABSOLUTE
    ..\\Firmware\\GD32F4xx_standard_peripheral\\Source\\gd32f4xx_exti.c 0x00000000   Number         0  gd32f4xx_exti.o ABSOLUTE
    ..\\Firmware\\GD32F4xx_standard_peripheral\\Source\\gd32f4xx_gpio.c 0x00000000   Number         0  gd32f4xx_gpio.o ABSOLUTE
    ..\\Firmware\\GD32F4xx_standard_peripheral\\Source\\gd32f4xx_misc.c 0x00000000   Number         0  gd32f4xx_misc.o ABSOLUTE
    ..\\Firmware\\GD32F4xx_standard_peripheral\\Source\\gd32f4xx_rcu.c 0x00000000   Number         0  gd32f4xx_rcu.o ABSOLUTE
    ..\\Firmware\\GD32F4xx_standard_peripheral\\Source\\gd32f4xx_syscfg.c 0x00000000   Number         0  gd32f4xx_syscfg.o ABSOLUTE
    ..\\Firmware\\GD32F4xx_standard_peripheral\\Source\\gd32f4xx_timer.c 0x00000000   Number         0  gd32f4xx_timer.o ABSOLUTE
    ..\\Firmware\\GD32F4xx_standard_peripheral\\Source\\gd32f4xx_usart.c 0x00000000   Number         0  gd32f4xx_usart.o ABSOLUTE
    ..\\Firmware\\GD32F4xx_standard_peripheral\\Source\\gd32f4xx_wwdgt.c 0x00000000   Number         0  gd32f4xx_wwdgt.o ABSOLUTE
    ..\\Hardware\\adc\\bsp_adc.c             0x00000000   Number         0  bsp_adc.o ABSOLUTE
    ..\\Hardware\\bluetooth\\bsp_bluetooth.c 0x00000000   Number         0  bsp_bluetooth.o ABSOLUTE
    ..\\Hardware\\buzzer\\bsp_buzzer.c       0x00000000   Number         0  bsp_buzzer.o ABSOLUTE
    ..\\Hardware\\dma\\bsp_dma.c             0x00000000   Number         0  bsp_dma.o ABSOLUTE
    ..\\Hardware\\eye\\bsp_eye.c             0x00000000   Number         0  bsp_eye.o ABSOLUTE
    ..\\Hardware\\key\\bsp_key.c             0x00000000   Number         0  bsp_key.o ABSOLUTE
    ..\\Hardware\\lcd\\bsp_lcd.c             0x00000000   Number         0  bsp_lcd.o ABSOLUTE
    ..\\Hardware\\led\\bsp_led.c             0x00000000   Number         0  bsp_led.o ABSOLUTE
    ..\\Hardware\\motor\\bsp_motor.c         0x00000000   Number         0  bsp_motor.o ABSOLUTE
    ..\\Hardware\\pca9685\\bsp_pca9685.c     0x00000000   Number         0  bsp_pca9685.o ABSOLUTE
    ..\\Hardware\\ps2\\bsp_ps2.c             0x00000000   Number         0  bsp_ps2.o ABSOLUTE
    ..\\Hardware\\pwm\\bsp_pwm.c             0x00000000   Number         0  bsp_pwm.o ABSOLUTE
    ..\\Hardware\\timer\\bsp_timer.c         0x00000000   Number         0  bsp_timer.o ABSOLUTE
    ..\\Hardware\\usart\\bsp_usart.c         0x00000000   Number         0  bsp_usart.o ABSOLUTE
    ..\\User\\gd32f4xx_it.c                  0x00000000   Number         0  gd32f4xx_it.o ABSOLUTE
    ..\\User\\main.c                         0x00000000   Number         0  main.o ABSOLUTE
    ..\\User\\sys.c                          0x00000000   Number         0  sys.o ABSOLUTE
    ..\\User\\systick.c                      0x00000000   Number         0  systick.o ABSOLUTE
    cdrcmple.s                               0x00000000   Number         0  cdrcmple.o ABSOLUTE
    dc.s                                     0x00000000   Number         0  dc.o ABSOLUTE
    handlers.s                               0x00000000   Number         0  handlers.o ABSOLUTE
    init.s                                   0x00000000   Number         0  init.o ABSOLUTE
    RESET                                    0x08000000   Section      428  startup_gd32f450_470.o(RESET)
    .ARM.Collect$$$$00000000                 0x080001ac   Section        0  entry.o(.ARM.Collect$$$$00000000)
    .ARM.Collect$$$$00000001                 0x080001ac   Section        4  entry2.o(.ARM.Collect$$$$00000001)
    .ARM.Collect$$$$00000004                 0x080001b0   Section        4  entry5.o(.ARM.Collect$$$$00000004)
    .ARM.Collect$$$$00000008                 0x080001b4   Section        0  entry7b.o(.ARM.Collect$$$$00000008)
    .ARM.Collect$$$$0000000A                 0x080001b4   Section        0  entry8b.o(.ARM.Collect$$$$0000000A)
    .ARM.Collect$$$$0000000B                 0x080001b4   Section        8  entry9a.o(.ARM.Collect$$$$0000000B)
    .ARM.Collect$$$$0000000E                 0x080001bc   Section        4  entry12b.o(.ARM.Collect$$$$0000000E)
    .ARM.Collect$$$$0000000F                 0x080001c0   Section        0  entry10a.o(.ARM.Collect$$$$0000000F)
    .ARM.Collect$$$$00000011                 0x080001c0   Section        0  entry11a.o(.ARM.Collect$$$$00000011)
    .ARM.Collect$$$$00002712                 0x080001c0   Section        4  entry2.o(.ARM.Collect$$$$00002712)
    __lit__00000000                          0x080001c0   Data           4  entry2.o(.ARM.Collect$$$$00002712)
    .text                                    0x080001c4   Section       36  startup_gd32f450_470.o(.text)
    $v0                                      0x080001c4   Number         0  startup_gd32f450_470.o(.text)
    .text                                    0x080001e8   Section        0  memseta.o(.text)
    .text                                    0x0800020c   Section        0  dadd.o(.text)
    .text                                    0x0800035a   Section        0  dmul.o(.text)
    .text                                    0x0800043e   Section        0  ddiv.o(.text)
    .text                                    0x0800051c   Section        0  dfltui.o(.text)
    .text                                    0x08000536   Section        0  dfixui.o(.text)
    .text                                    0x08000568   Section        0  f2d.o(.text)
    .text                                    0x0800058e   Section        0  uidiv.o(.text)
    .text                                    0x080005ba   Section        0  llshl.o(.text)
    .text                                    0x080005d8   Section        0  llushr.o(.text)
    .text                                    0x080005f8   Section        0  llsshr.o(.text)
    .text                                    0x0800061c   Section        0  iusefp.o(.text)
    .text                                    0x0800061c   Section        0  depilogue.o(.text)
    .text                                    0x080006d8   Section       48  cdrcmple.o(.text)
    .text                                    0x08000708   Section       36  init.o(.text)
    .text                                    0x0800072c   Section        0  __dczerorl2.o(.text)
    i.BusFault_Handler                       0x08000782   Section        0  gd32f4xx_it.o(i.BusFault_Handler)
    i.DMA1_Channel2_IRQHandler               0x08000788   Section        0  bsp_dma.o(i.DMA1_Channel2_IRQHandler)
    i.DebugMon_Handler                       0x080007a8   Section        0  gd32f4xx_it.o(i.DebugMon_Handler)
    i.EXTI0_IRQHandler                       0x080007ac   Section        0  bsp_key.o(i.EXTI0_IRQHandler)
    i.HardFault_Handler                      0x08000800   Section        0  gd32f4xx_it.o(i.HardFault_Handler)
    i.I2C_WaitAck                            0x08000804   Section        0  bsp_pca9685.o(i.I2C_WaitAck)
    i.IIC_Send_Ack                           0x08000890   Section        0  bsp_pca9685.o(i.IIC_Send_Ack)
    i.IIC_Start                              0x08000908   Section        0  bsp_pca9685.o(i.IIC_Start)
    i.IIC_Stop                               0x08000964   Section        0  bsp_pca9685.o(i.IIC_Stop)
    i.LCD_Address_Set                        0x080009b4   Section        0  bsp_lcd.o(i.LCD_Address_Set)
    i.LCD_Clear                              0x080009ee   Section        0  bsp_lcd.o(i.LCD_Clear)
    i.LCD_ShowPicture                        0x08000a1a   Section        0  bsp_lcd.o(i.LCD_ShowPicture)
    i.LCD_WR_DATA                            0x08000a64   Section        0  bsp_lcd.o(i.LCD_WR_DATA)
    i.LCD_WR_DATA8                           0x08000a88   Section        0  bsp_lcd.o(i.LCD_WR_DATA8)
    i.LCD_WR_REG                             0x08000aa4   Section        0  bsp_lcd.o(i.LCD_WR_REG)
    i.LCD_Writ_Bus                           0x08000ac0   Section        0  bsp_lcd.o(i.LCD_Writ_Bus)
    i.MemManage_Handler                      0x08000b20   Section        0  gd32f4xx_it.o(i.MemManage_Handler)
    i.NMI_Handler                            0x08000b24   Section        0  gd32f4xx_it.o(i.NMI_Handler)
    i.NVIC_SetPriority                       0x08000b28   Section        0  systick.o(i.NVIC_SetPriority)
    NVIC_SetPriority                         0x08000b29   Thumb Code    32  systick.o(i.NVIC_SetPriority)
    i.PCA9685_GPIO_Init                      0x08000b50   Section        0  bsp_pca9685.o(i.PCA9685_GPIO_Init)
    i.PCA9685_Init                           0x08000ba0   Section        0  bsp_pca9685.o(i.PCA9685_Init)
    i.PCA9685_Read                           0x08000cb0   Section        0  bsp_pca9685.o(i.PCA9685_Read)
    i.PCA9685_Write                          0x08000cf8   Section        0  bsp_pca9685.o(i.PCA9685_Write)
    i.PCA9685_setFreq                        0x08000d28   Section        0  bsp_pca9685.o(i.PCA9685_setFreq)
    i.PCA9685_setPWM                         0x08000e14   Section        0  bsp_pca9685.o(i.PCA9685_setPWM)
    i.PS2_AnologData                         0x08000e6c   Section        0  bsp_ps2.o(i.PS2_AnologData)
    i.PS2_ClearData                          0x08000e78   Section        0  bsp_ps2.o(i.PS2_ClearData)
    i.PS2_Cmd                                0x08000e90   Section        0  bsp_ps2.o(i.PS2_Cmd)
    i.PS2_DataKey                            0x08000f24   Section        0  bsp_ps2.o(i.PS2_DataKey)
    i.PS2_EnterConfing                       0x08000f70   Section        0  bsp_ps2.o(i.PS2_EnterConfing)
    i.PS2_ExitConfing                        0x08000fd0   Section        0  bsp_ps2.o(i.PS2_ExitConfing)
    i.PS2_GPIO_Init                          0x08001030   Section        0  bsp_ps2.o(i.PS2_GPIO_Init)
    i.PS2_ReadData                           0x080010d0   Section        0  bsp_ps2.o(i.PS2_ReadData)
    i.PS2_RedLight                           0x08001198   Section        0  bsp_ps2.o(i.PS2_RedLight)
    i.PS2_SetInit                            0x080011dc   Section        0  bsp_ps2.o(i.PS2_SetInit)
    i.PS2_TurnOnAnalogMode                   0x08001200   Section        0  bsp_ps2.o(i.PS2_TurnOnAnalogMode)
    i.PS2_VibrationMode                      0x0800125c   Section        0  bsp_ps2.o(i.PS2_VibrationMode)
    i.PS2_shortPoll                          0x080012a4   Section        0  bsp_ps2.o(i.PS2_shortPoll)
    i.PendSV_Handler                         0x080012f4   Section        0  gd32f4xx_it.o(i.PendSV_Handler)
    i.Read_Byte                              0x080012f8   Section        0  bsp_pca9685.o(i.Read_Byte)
    i.SVC_Handler                            0x08001368   Section        0  gd32f4xx_it.o(i.SVC_Handler)
    i.Send_Byte                              0x0800136c   Section        0  bsp_pca9685.o(i.Send_Byte)
    i.SysTick_Handler                        0x080013d0   Section        0  gd32f4xx_it.o(i.SysTick_Handler)
    i.SystemInit                             0x080013d8   Section        0  system_gd32f4xx.o(i.SystemInit)
    i.TIMER2_IRQHandler                      0x080014a0   Section        0  bsp_timer.o(i.TIMER2_IRQHandler)
    i.TIMER5_DAC_IRQHandler                  0x080014ec   Section        0  bsp_timer.o(i.TIMER5_DAC_IRQHandler)
    i.UART6_IRQHandler                       0x08001538   Section        0  bsp_usart.o(i.UART6_IRQHandler)
    i.USART0_IRQHandler                      0x0800159c   Section        0  bsp_usart.o(i.USART0_IRQHandler)
    i.USART2_IRQHandler                      0x08001600   Section        0  bsp_usart.o(i.USART2_IRQHandler)
    i.UsageFault_Handler                     0x08001664   Section        0  gd32f4xx_it.o(i.UsageFault_Handler)
    i.__0printf$6                            0x08001668   Section        0  printf6.o(i.__0printf$6)
    i.__hardfp_floor                         0x08001688   Section        0  floor.o(i.__hardfp_floor)
    i.__scatterload_copy                     0x080017a0   Section       14  handlers.o(i.__scatterload_copy)
    i.__scatterload_null                     0x080017ae   Section        2  handlers.o(i.__scatterload_null)
    i.__scatterload_zeroinit                 0x080017b0   Section       14  handlers.o(i.__scatterload_zeroinit)
    i._printf_core                           0x080017c0   Section        0  printf6.o(i._printf_core)
    _printf_core                             0x080017c1   Thumb Code   748  printf6.o(i._printf_core)
    i._printf_post_padding                   0x08001ab0   Section        0  printf6.o(i._printf_post_padding)
    _printf_post_padding                     0x08001ab1   Thumb Code    36  printf6.o(i._printf_post_padding)
    i._printf_pre_padding                    0x08001ad4   Section        0  printf6.o(i._printf_pre_padding)
    _printf_pre_padding                      0x08001ad5   Thumb Code    46  printf6.o(i._printf_pre_padding)
    i.buzzer_gpio_config                     0x08001b04   Section        0  bsp_buzzer.o(i.buzzer_gpio_config)
    i.delay_1ms                              0x08001b30   Section        0  systick.o(i.delay_1ms)
    i.delay_1us                              0x08001b4c   Section        0  systick.o(i.delay_1us)
    i.delay_decrement                        0x08001b60   Section        0  systick.o(i.delay_decrement)
    i.dma_interrupt_flag_clear               0x08001b78   Section        0  gd32f4xx_dma.o(i.dma_interrupt_flag_clear)
    i.dma_interrupt_flag_get                 0x08001bb6   Section        0  gd32f4xx_dma.o(i.dma_interrupt_flag_get)
    i.exti_interrupt_flag_clear              0x08001dbc   Section        0  gd32f4xx_exti.o(i.exti_interrupt_flag_clear)
    i.exti_interrupt_flag_get                0x08001dc8   Section        0  gd32f4xx_exti.o(i.exti_interrupt_flag_get)
    i.eye_gpio_config                        0x08001dec   Section        0  bsp_eye.o(i.eye_gpio_config)
    i.fputc                                  0x08001e14   Section        0  bsp_usart.o(i.fputc)
    i.gpio_af_set                            0x08001e24   Section        0  gd32f4xx_gpio.o(i.gpio_af_set)
    i.gpio_bit_set                           0x08001e82   Section        0  gd32f4xx_gpio.o(i.gpio_bit_set)
    i.gpio_bit_toggle                        0x08001e86   Section        0  gd32f4xx_gpio.o(i.gpio_bit_toggle)
    i.gpio_bit_write                         0x08001e8a   Section        0  gd32f4xx_gpio.o(i.gpio_bit_write)
    i.gpio_input_bit_get                     0x08001e94   Section        0  gd32f4xx_gpio.o(i.gpio_input_bit_get)
    i.gpio_mode_set                          0x08001ea4   Section        0  gd32f4xx_gpio.o(i.gpio_mode_set)
    i.gpio_output_options_set                0x08001ef2   Section        0  gd32f4xx_gpio.o(i.gpio_output_options_set)
    i.lcd_gpio_config                        0x08001f34   Section        0  bsp_lcd.o(i.lcd_gpio_config)
    i.led_gpio_config                        0x0800219c   Section        0  bsp_led.o(i.led_gpio_config)
    i.main                                   0x08002230   Section        0  main.o(i.main)
    i.motor_L_back                           0x08002870   Section        0  bsp_motor.o(i.motor_L_back)
    i.motor_L_front                          0x080028a8   Section        0  bsp_motor.o(i.motor_L_front)
    i.motor_L_stop                           0x080028e0   Section        0  bsp_motor.o(i.motor_L_stop)
    i.motor_R_back                           0x08002944   Section        0  bsp_motor.o(i.motor_R_back)
    i.motor_R_front                          0x0800297c   Section        0  bsp_motor.o(i.motor_R_front)
    i.motor_R_stop                           0x080029b4   Section        0  bsp_motor.o(i.motor_R_stop)
    i.motor_backward                         0x08002a18   Section        0  bsp_motor.o(i.motor_backward)
    i.motor_forward                          0x08002a2a   Section        0  bsp_motor.o(i.motor_forward)
    i.motor_gpio_config                      0x08002a3c   Section        0  bsp_motor.o(i.motor_gpio_config)
    i.motor_leftward                         0x08002aec   Section        0  bsp_motor.o(i.motor_leftward)
    i.motor_rightward                        0x08002afe   Section        0  bsp_motor.o(i.motor_rightward)
    i.motor_stop                             0x08002b10   Section        0  bsp_motor.o(i.motor_stop)
    i.nvic_irq_enable                        0x08002b34   Section        0  gd32f4xx_misc.o(i.nvic_irq_enable)
    i.nvic_priority_group_set                0x08002bf8   Section        0  gd32f4xx_misc.o(i.nvic_priority_group_set)
    i.pwm1_config                            0x08002c0c   Section        0  bsp_pwm.o(i.pwm1_config)
    i.rcu_clock_freq_get                     0x08002d24   Section        0  gd32f4xx_rcu.o(i.rcu_clock_freq_get)
    i.rcu_periph_clock_enable                0x08002e48   Section        0  gd32f4xx_rcu.o(i.rcu_periph_clock_enable)
    i.rcu_periph_reset_disable               0x08002e6c   Section        0  gd32f4xx_rcu.o(i.rcu_periph_reset_disable)
    i.rcu_periph_reset_enable                0x08002e90   Section        0  gd32f4xx_rcu.o(i.rcu_periph_reset_enable)
    i.rcu_timer_clock_prescaler_config       0x08002eb4   Section        0  gd32f4xx_rcu.o(i.rcu_timer_clock_prescaler_config)
    i.setAngle                               0x08002ed8   Section        0  bsp_pca9685.o(i.setAngle)
    i.switch_buzzer_status                   0x08002f34   Section        0  bsp_buzzer.o(i.switch_buzzer_status)
    i.switch_eye_left_status                 0x08002f6c   Section        0  bsp_eye.o(i.switch_eye_left_status)
    i.switch_eye_right_status                0x08002fa0   Section        0  bsp_eye.o(i.switch_eye_right_status)
    i.system_clock_200m_25m_hxtal            0x08002fd4   Section        0  system_gd32f4xx.o(i.system_clock_200m_25m_hxtal)
    system_clock_200m_25m_hxtal              0x08002fd5   Thumb Code   240  system_gd32f4xx.o(i.system_clock_200m_25m_hxtal)
    i.system_clock_config                    0x080030d0   Section        0  system_gd32f4xx.o(i.system_clock_config)
    system_clock_config                      0x080030d1   Thumb Code     8  system_gd32f4xx.o(i.system_clock_config)
    i.systick_config                         0x080030d8   Section        0  systick.o(i.systick_config)
    i.timer_auto_reload_shadow_enable        0x08003128   Section        0  gd32f4xx_timer.o(i.timer_auto_reload_shadow_enable)
    i.timer_channel_output_config            0x08003134   Section        0  gd32f4xx_timer.o(i.timer_channel_output_config)
    i.timer_channel_output_mode_config       0x08003320   Section        0  gd32f4xx_timer.o(i.timer_channel_output_mode_config)
    i.timer_channel_output_pulse_value_config 0x0800337a   Section        0  gd32f4xx_timer.o(i.timer_channel_output_pulse_value_config)
    i.timer_channel_output_shadow_config     0x080033a0   Section        0  gd32f4xx_timer.o(i.timer_channel_output_shadow_config)
    i.timer_deinit                           0x080033fc   Section        0  gd32f4xx_timer.o(i.timer_deinit)
    i.timer_enable                           0x08003580   Section        0  gd32f4xx_timer.o(i.timer_enable)
    i.timer_init                             0x0800358c   Section        0  gd32f4xx_timer.o(i.timer_init)
    i.timer_interrupt_flag_clear             0x08003624   Section        0  gd32f4xx_timer.o(i.timer_interrupt_flag_clear)
    i.timer_interrupt_flag_get               0x0800362a   Section        0  gd32f4xx_timer.o(i.timer_interrupt_flag_get)
    i.uart6_gpio_config                      0x08003644   Section        0  bsp_usart.o(i.uart6_gpio_config)
    i.usart2_gpio_config                     0x08003708   Section        0  bsp_usart.o(i.usart2_gpio_config)
    i.usart_baudrate_set                     0x080037d8   Section        0  gd32f4xx_usart.o(i.usart_baudrate_set)
    i.usart_data_receive                     0x080038c0   Section        0  gd32f4xx_usart.o(i.usart_data_receive)
    i.usart_data_transmit                    0x080038ca   Section        0  gd32f4xx_usart.o(i.usart_data_transmit)
    i.usart_deinit                           0x080038d4   Section        0  gd32f4xx_usart.o(i.usart_deinit)
    i.usart_enable                           0x080039b0   Section        0  gd32f4xx_usart.o(i.usart_enable)
    i.usart_flag_get                         0x080039ba   Section        0  gd32f4xx_usart.o(i.usart_flag_get)
    i.usart_gpio_config                      0x080039d8   Section        0  bsp_usart.o(i.usart_gpio_config)
    i.usart_interrupt_enable                 0x08003a84   Section        0  gd32f4xx_usart.o(i.usart_interrupt_enable)
    i.usart_interrupt_flag_get               0x08003a9e   Section        0  gd32f4xx_usart.o(i.usart_interrupt_flag_get)
    i.usart_parity_config                    0x08003ad6   Section        0  gd32f4xx_usart.o(i.usart_parity_config)
    i.usart_receive_config                   0x08003ae6   Section        0  gd32f4xx_usart.o(i.usart_receive_config)
    i.usart_send_data                        0x08003af8   Section        0  bsp_usart.o(i.usart_send_data)
    i.usart_stop_bit_set                     0x08003b18   Section        0  gd32f4xx_usart.o(i.usart_stop_bit_set)
    i.usart_transmit_config                  0x08003b28   Section        0  gd32f4xx_usart.o(i.usart_transmit_config)
    i.usart_word_length_set                  0x08003b38   Section        0  gd32f4xx_usart.o(i.usart_word_length_set)
    .constdata                               0x08003b48   Section    719840  main.o(.constdata)
    .conststring                             0x080b3728   Section       80  bsp_usart.o(.conststring)
    .data                                    0x20000000   Section        4  systick.o(.data)
    delay                                    0x20000000   Data           4  systick.o(.data)
    .data                                    0x20000004   Section        2  main.o(.data)
    .data                                    0x20000008   Section        4  system_gd32f4xx.o(.data)
    .data                                    0x2000000c   Section       44  bsp_usart.o(.data)
    .data                                    0x20000038   Section        4  bsp_buzzer.o(.data)
    .data                                    0x2000003c   Section        8  bsp_eye.o(.data)
    .data                                    0x20000044   Section      868  bsp_lcd.o(.data)
    .data                                    0x200003a8   Section       34  bsp_ps2.o(.data)
    .data                                    0x200003cc   Section        4  stdout.o(.data)
    .bss                                     0x200003d0   Section    12288  bsp_usart.o(.bss)
    .bss                                     0x200033d0   Section        9  bsp_ps2.o(.bss)
    STACK                                    0x200033e0   Section     1024  startup_gd32f450_470.o(STACK)

    Global Symbols

    Symbol Name                              Value     Ov Type        Size  Object(Section)

    BuildAttributes$$THM_ISAv4$E$P$D$K$B$S$7EM$VFPi3$EXTD16$VFPS$VFMA$PE$A:L22UL41UL21$X:L11$S22US41US21$IEEE1$IW$USESV6$~STKCKD$USESV7$~SHL$OTIME$ROPI$IEEEJ$EBA8$MICROLIB$REQ8$PRES8$EABIv2 0x00000000   Number         0  anon$$obj.o ABSOLUTE
    __ARM_use_no_argv                        0x00000000   Number         0  main.o ABSOLUTE
    _printf_a                                0x00000000   Number         0  stubs.o ABSOLUTE
    _printf_c                                0x00000000   Number         0  stubs.o ABSOLUTE
    _printf_charcount                        0x00000000   Number         0  stubs.o ABSOLUTE
    _printf_d                                0x00000000   Number         0  stubs.o ABSOLUTE
    _printf_e                                0x00000000   Number         0  stubs.o ABSOLUTE
    _printf_f                                0x00000000   Number         0  stubs.o ABSOLUTE
    _printf_flags                            0x00000000   Number         0  stubs.o ABSOLUTE
    _printf_fp_dec                           0x00000000   Number         0  stubs.o ABSOLUTE
    _printf_fp_hex                           0x00000000   Number         0  stubs.o ABSOLUTE
    _printf_g                                0x00000000   Number         0  stubs.o ABSOLUTE
    _printf_i                                0x00000000   Number         0  stubs.o ABSOLUTE
    _printf_int_dec                          0x00000000   Number         0  stubs.o ABSOLUTE
    _printf_l                                0x00000000   Number         0  stubs.o ABSOLUTE
    _printf_lc                               0x00000000   Number         0  stubs.o ABSOLUTE
    _printf_ll                               0x00000000   Number         0  stubs.o ABSOLUTE
    _printf_lld                              0x00000000   Number         0  stubs.o ABSOLUTE
    _printf_lli                              0x00000000   Number         0  stubs.o ABSOLUTE
    _printf_llo                              0x00000000   Number         0  stubs.o ABSOLUTE
    _printf_llu                              0x00000000   Number         0  stubs.o ABSOLUTE
    _printf_llx                              0x00000000   Number         0  stubs.o ABSOLUTE
    _printf_longlong_dec                     0x00000000   Number         0  stubs.o ABSOLUTE
    _printf_longlong_hex                     0x00000000   Number         0  stubs.o ABSOLUTE
    _printf_longlong_oct                     0x00000000   Number         0  stubs.o ABSOLUTE
    _printf_ls                               0x00000000   Number         0  stubs.o ABSOLUTE
    _printf_mbtowc                           0x00000000   Number         0  stubs.o ABSOLUTE
    _printf_n                                0x00000000   Number         0  stubs.o ABSOLUTE
    _printf_o                                0x00000000   Number         0  stubs.o ABSOLUTE
    _printf_p                                0x00000000   Number         0  stubs.o ABSOLUTE
    _printf_percent                          0x00000000   Number         0  stubs.o ABSOLUTE
    _printf_pre_padding                      0x00000000   Number         0  stubs.o ABSOLUTE
    _printf_return_value                     0x00000000   Number         0  stubs.o ABSOLUTE
    _printf_s                                0x00000000   Number         0  stubs.o ABSOLUTE
    _printf_sizespec                         0x00000000   Number         0  stubs.o ABSOLUTE
    _printf_str                              0x00000000   Number         0  stubs.o ABSOLUTE
    _printf_truncate_signed                  0x00000000   Number         0  stubs.o ABSOLUTE
    _printf_truncate_unsigned                0x00000000   Number         0  stubs.o ABSOLUTE
    _printf_u                                0x00000000   Number         0  stubs.o ABSOLUTE
    _printf_wc                               0x00000000   Number         0  stubs.o ABSOLUTE
    _printf_wctomb                           0x00000000   Number         0  stubs.o ABSOLUTE
    _printf_widthprec                        0x00000000   Number         0  stubs.o ABSOLUTE
    _printf_x                                0x00000000   Number         0  stubs.o ABSOLUTE
    __arm_fini_                               - Undefined Weak Reference
    __cpp_initialize__aeabi_                  - Undefined Weak Reference
    __cxa_finalize                            - Undefined Weak Reference
    _clock_init                               - Undefined Weak Reference
    _microlib_exit                            - Undefined Weak Reference
    __Vectors_Size                           0x000001ac   Number         0  startup_gd32f450_470.o ABSOLUTE
    __Vectors                                0x08000000   Data           4  startup_gd32f450_470.o(RESET)
    __Vectors_End                            0x080001ac   Data           0  startup_gd32f450_470.o(RESET)
    __main                                   0x080001ad   Thumb Code     0  entry.o(.ARM.Collect$$$$00000000)
    _main_stk                                0x080001ad   Thumb Code     0  entry2.o(.ARM.Collect$$$$00000001)
    _main_scatterload                        0x080001b1   Thumb Code     0  entry5.o(.ARM.Collect$$$$00000004)
    __main_after_scatterload                 0x080001b5   Thumb Code     0  entry5.o(.ARM.Collect$$$$00000004)
    _main_clock                              0x080001b5   Thumb Code     0  entry7b.o(.ARM.Collect$$$$00000008)
    _main_cpp_init                           0x080001b5   Thumb Code     0  entry8b.o(.ARM.Collect$$$$0000000A)
    _main_init                               0x080001b5   Thumb Code     0  entry9a.o(.ARM.Collect$$$$0000000B)
    __rt_lib_shutdown_fini                   0x080001bd   Thumb Code     0  entry12b.o(.ARM.Collect$$$$0000000E)
    __rt_final_cpp                           0x080001c1   Thumb Code     0  entry10a.o(.ARM.Collect$$$$0000000F)
    __rt_final_exit                          0x080001c1   Thumb Code     0  entry11a.o(.ARM.Collect$$$$00000011)
    Reset_Handler                            0x080001c5   Thumb Code     8  startup_gd32f450_470.o(.text)
    ADC_IRQHandler                           0x080001df   Thumb Code     0  startup_gd32f450_470.o(.text)
    CAN0_EWMC_IRQHandler                     0x080001df   Thumb Code     0  startup_gd32f450_470.o(.text)
    CAN0_RX0_IRQHandler                      0x080001df   Thumb Code     0  startup_gd32f450_470.o(.text)
    CAN0_RX1_IRQHandler                      0x080001df   Thumb Code     0  startup_gd32f450_470.o(.text)
    CAN0_TX_IRQHandler                       0x080001df   Thumb Code     0  startup_gd32f450_470.o(.text)
    CAN1_EWMC_IRQHandler                     0x080001df   Thumb Code     0  startup_gd32f450_470.o(.text)
    CAN1_RX0_IRQHandler                      0x080001df   Thumb Code     0  startup_gd32f450_470.o(.text)
    CAN1_RX1_IRQHandler                      0x080001df   Thumb Code     0  startup_gd32f450_470.o(.text)
    CAN1_TX_IRQHandler                       0x080001df   Thumb Code     0  startup_gd32f450_470.o(.text)
    DCI_IRQHandler                           0x080001df   Thumb Code     0  startup_gd32f450_470.o(.text)
    DMA0_Channel0_IRQHandler                 0x080001df   Thumb Code     0  startup_gd32f450_470.o(.text)
    DMA0_Channel1_IRQHandler                 0x080001df   Thumb Code     0  startup_gd32f450_470.o(.text)
    DMA0_Channel2_IRQHandler                 0x080001df   Thumb Code     0  startup_gd32f450_470.o(.text)
    DMA0_Channel3_IRQHandler                 0x080001df   Thumb Code     0  startup_gd32f450_470.o(.text)
    DMA0_Channel4_IRQHandler                 0x080001df   Thumb Code     0  startup_gd32f450_470.o(.text)
    DMA0_Channel5_IRQHandler                 0x080001df   Thumb Code     0  startup_gd32f450_470.o(.text)
    DMA0_Channel6_IRQHandler                 0x080001df   Thumb Code     0  startup_gd32f450_470.o(.text)
    DMA0_Channel7_IRQHandler                 0x080001df   Thumb Code     0  startup_gd32f450_470.o(.text)
    DMA1_Channel0_IRQHandler                 0x080001df   Thumb Code     0  startup_gd32f450_470.o(.text)
    DMA1_Channel1_IRQHandler                 0x080001df   Thumb Code     0  startup_gd32f450_470.o(.text)
    DMA1_Channel3_IRQHandler                 0x080001df   Thumb Code     0  startup_gd32f450_470.o(.text)
    DMA1_Channel4_IRQHandler                 0x080001df   Thumb Code     0  startup_gd32f450_470.o(.text)
    DMA1_Channel5_IRQHandler                 0x080001df   Thumb Code     0  startup_gd32f450_470.o(.text)
    DMA1_Channel6_IRQHandler                 0x080001df   Thumb Code     0  startup_gd32f450_470.o(.text)
    DMA1_Channel7_IRQHandler                 0x080001df   Thumb Code     0  startup_gd32f450_470.o(.text)
    ENET_IRQHandler                          0x080001df   Thumb Code     0  startup_gd32f450_470.o(.text)
    ENET_WKUP_IRQHandler                     0x080001df   Thumb Code     0  startup_gd32f450_470.o(.text)
    EXMC_IRQHandler                          0x080001df   Thumb Code     0  startup_gd32f450_470.o(.text)
    EXTI10_15_IRQHandler                     0x080001df   Thumb Code     0  startup_gd32f450_470.o(.text)
    EXTI1_IRQHandler                         0x080001df   Thumb Code     0  startup_gd32f450_470.o(.text)
    EXTI2_IRQHandler                         0x080001df   Thumb Code     0  startup_gd32f450_470.o(.text)
    EXTI3_IRQHandler                         0x080001df   Thumb Code     0  startup_gd32f450_470.o(.text)
    EXTI4_IRQHandler                         0x080001df   Thumb Code     0  startup_gd32f450_470.o(.text)
    EXTI5_9_IRQHandler                       0x080001df   Thumb Code     0  startup_gd32f450_470.o(.text)
    FMC_IRQHandler                           0x080001df   Thumb Code     0  startup_gd32f450_470.o(.text)
    FPU_IRQHandler                           0x080001df   Thumb Code     0  startup_gd32f450_470.o(.text)
    I2C0_ER_IRQHandler                       0x080001df   Thumb Code     0  startup_gd32f450_470.o(.text)
    I2C0_EV_IRQHandler                       0x080001df   Thumb Code     0  startup_gd32f450_470.o(.text)
    I2C1_ER_IRQHandler                       0x080001df   Thumb Code     0  startup_gd32f450_470.o(.text)
    I2C1_EV_IRQHandler                       0x080001df   Thumb Code     0  startup_gd32f450_470.o(.text)
    I2C2_ER_IRQHandler                       0x080001df   Thumb Code     0  startup_gd32f450_470.o(.text)
    I2C2_EV_IRQHandler                       0x080001df   Thumb Code     0  startup_gd32f450_470.o(.text)
    IPA_IRQHandler                           0x080001df   Thumb Code     0  startup_gd32f450_470.o(.text)
    LVD_IRQHandler                           0x080001df   Thumb Code     0  startup_gd32f450_470.o(.text)
    RCU_CTC_IRQHandler                       0x080001df   Thumb Code     0  startup_gd32f450_470.o(.text)
    RTC_Alarm_IRQHandler                     0x080001df   Thumb Code     0  startup_gd32f450_470.o(.text)
    RTC_WKUP_IRQHandler                      0x080001df   Thumb Code     0  startup_gd32f450_470.o(.text)
    SDIO_IRQHandler                          0x080001df   Thumb Code     0  startup_gd32f450_470.o(.text)
    SPI0_IRQHandler                          0x080001df   Thumb Code     0  startup_gd32f450_470.o(.text)
    SPI1_IRQHandler                          0x080001df   Thumb Code     0  startup_gd32f450_470.o(.text)
    SPI2_IRQHandler                          0x080001df   Thumb Code     0  startup_gd32f450_470.o(.text)
    SPI3_IRQHandler                          0x080001df   Thumb Code     0  startup_gd32f450_470.o(.text)
    SPI4_IRQHandler                          0x080001df   Thumb Code     0  startup_gd32f450_470.o(.text)
    SPI5_IRQHandler                          0x080001df   Thumb Code     0  startup_gd32f450_470.o(.text)
    TAMPER_STAMP_IRQHandler                  0x080001df   Thumb Code     0  startup_gd32f450_470.o(.text)
    TIMER0_BRK_TIMER8_IRQHandler             0x080001df   Thumb Code     0  startup_gd32f450_470.o(.text)
    TIMER0_Channel_IRQHandler                0x080001df   Thumb Code     0  startup_gd32f450_470.o(.text)
    TIMER0_TRG_CMT_TIMER10_IRQHandler        0x080001df   Thumb Code     0  startup_gd32f450_470.o(.text)
    TIMER0_UP_TIMER9_IRQHandler              0x080001df   Thumb Code     0  startup_gd32f450_470.o(.text)
    TIMER1_IRQHandler                        0x080001df   Thumb Code     0  startup_gd32f450_470.o(.text)
    TIMER3_IRQHandler                        0x080001df   Thumb Code     0  startup_gd32f450_470.o(.text)
    TIMER4_IRQHandler                        0x080001df   Thumb Code     0  startup_gd32f450_470.o(.text)
    TIMER6_IRQHandler                        0x080001df   Thumb Code     0  startup_gd32f450_470.o(.text)
    TIMER7_BRK_TIMER11_IRQHandler            0x080001df   Thumb Code     0  startup_gd32f450_470.o(.text)
    TIMER7_Channel_IRQHandler                0x080001df   Thumb Code     0  startup_gd32f450_470.o(.text)
    TIMER7_TRG_CMT_TIMER13_IRQHandler        0x080001df   Thumb Code     0  startup_gd32f450_470.o(.text)
    TIMER7_UP_TIMER12_IRQHandler             0x080001df   Thumb Code     0  startup_gd32f450_470.o(.text)
    TLI_ER_IRQHandler                        0x080001df   Thumb Code     0  startup_gd32f450_470.o(.text)
    TLI_IRQHandler                           0x080001df   Thumb Code     0  startup_gd32f450_470.o(.text)
    TRNG_IRQHandler                          0x080001df   Thumb Code     0  startup_gd32f450_470.o(.text)
    UART3_IRQHandler                         0x080001df   Thumb Code     0  startup_gd32f450_470.o(.text)
    UART4_IRQHandler                         0x080001df   Thumb Code     0  startup_gd32f450_470.o(.text)
    UART7_IRQHandler                         0x080001df   Thumb Code     0  startup_gd32f450_470.o(.text)
    USART1_IRQHandler                        0x080001df   Thumb Code     0  startup_gd32f450_470.o(.text)
    USART5_IRQHandler                        0x080001df   Thumb Code     0  startup_gd32f450_470.o(.text)
    USBFS_IRQHandler                         0x080001df   Thumb Code     0  startup_gd32f450_470.o(.text)
    USBFS_WKUP_IRQHandler                    0x080001df   Thumb Code     0  startup_gd32f450_470.o(.text)
    USBHS_EP1_In_IRQHandler                  0x080001df   Thumb Code     0  startup_gd32f450_470.o(.text)
    USBHS_EP1_Out_IRQHandler                 0x080001df   Thumb Code     0  startup_gd32f450_470.o(.text)
    USBHS_IRQHandler                         0x080001df   Thumb Code     0  startup_gd32f450_470.o(.text)
    USBHS_WKUP_IRQHandler                    0x080001df   Thumb Code     0  startup_gd32f450_470.o(.text)
    WWDGT_IRQHandler                         0x080001df   Thumb Code     0  startup_gd32f450_470.o(.text)
    __aeabi_memset                           0x080001e9   Thumb Code    14  memseta.o(.text)
    __aeabi_memset4                          0x080001e9   Thumb Code     0  memseta.o(.text)
    __aeabi_memset8                          0x080001e9   Thumb Code     0  memseta.o(.text)
    __aeabi_memclr                           0x080001f7   Thumb Code     4  memseta.o(.text)
    __aeabi_memclr4                          0x080001f7   Thumb Code     0  memseta.o(.text)
    __aeabi_memclr8                          0x080001f7   Thumb Code     0  memseta.o(.text)
    _memset$wrapper                          0x080001fb   Thumb Code    18  memseta.o(.text)
    __aeabi_dadd                             0x0800020d   Thumb Code   322  dadd.o(.text)
    __aeabi_dsub                             0x0800034f   Thumb Code     6  dadd.o(.text)
    __aeabi_drsub                            0x08000355   Thumb Code     6  dadd.o(.text)
    __aeabi_dmul                             0x0800035b   Thumb Code   228  dmul.o(.text)
    __aeabi_ddiv                             0x0800043f   Thumb Code   222  ddiv.o(.text)
    __aeabi_ui2d                             0x0800051d   Thumb Code    26  dfltui.o(.text)
    __aeabi_d2uiz                            0x08000537   Thumb Code    50  dfixui.o(.text)
    __aeabi_f2d                              0x08000569   Thumb Code    38  f2d.o(.text)
    __aeabi_uidiv                            0x0800058f   Thumb Code     0  uidiv.o(.text)
    __aeabi_uidivmod                         0x0800058f   Thumb Code    44  uidiv.o(.text)
    __aeabi_llsl                             0x080005bb   Thumb Code    30  llshl.o(.text)
    _ll_shift_l                              0x080005bb   Thumb Code     0  llshl.o(.text)
    __aeabi_llsr                             0x080005d9   Thumb Code    32  llushr.o(.text)
    _ll_ushift_r                             0x080005d9   Thumb Code     0  llushr.o(.text)
    __aeabi_lasr                             0x080005f9   Thumb Code    36  llsshr.o(.text)
    _ll_sshift_r                             0x080005f9   Thumb Code     0  llsshr.o(.text)
    __I$use$fp                               0x0800061d   Thumb Code     0  iusefp.o(.text)
    _double_round                            0x0800061d   Thumb Code    30  depilogue.o(.text)
    _double_epilogue                         0x0800063b   Thumb Code   156  depilogue.o(.text)
    __aeabi_cdrcmple                         0x080006d9   Thumb Code    48  cdrcmple.o(.text)
    __scatterload                            0x08000709   Thumb Code    28  init.o(.text)
    __scatterload_rt2                        0x08000709   Thumb Code     0  init.o(.text)
    __decompress                             0x0800072d   Thumb Code     0  __dczerorl2.o(.text)
    __decompress1                            0x0800072d   Thumb Code    86  __dczerorl2.o(.text)
    BusFault_Handler                         0x08000783   Thumb Code     4  gd32f4xx_it.o(i.BusFault_Handler)
    DMA1_Channel2_IRQHandler                 0x08000789   Thumb Code    28  bsp_dma.o(i.DMA1_Channel2_IRQHandler)
    DebugMon_Handler                         0x080007a9   Thumb Code     2  gd32f4xx_it.o(i.DebugMon_Handler)
    EXTI0_IRQHandler                         0x080007ad   Thumb Code    46  bsp_key.o(i.EXTI0_IRQHandler)
    HardFault_Handler                        0x08000801   Thumb Code     4  gd32f4xx_it.o(i.HardFault_Handler)
    I2C_WaitAck                              0x08000805   Thumb Code   136  bsp_pca9685.o(i.I2C_WaitAck)
    IIC_Send_Ack                             0x08000891   Thumb Code   114  bsp_pca9685.o(i.IIC_Send_Ack)
    IIC_Start                                0x08000909   Thumb Code    86  bsp_pca9685.o(i.IIC_Start)
    IIC_Stop                                 0x08000965   Thumb Code    74  bsp_pca9685.o(i.IIC_Stop)
    LCD_Address_Set                          0x080009b5   Thumb Code    58  bsp_lcd.o(i.LCD_Address_Set)
    LCD_Clear                                0x080009ef   Thumb Code    44  bsp_lcd.o(i.LCD_Clear)
    LCD_ShowPicture                          0x08000a1b   Thumb Code    72  bsp_lcd.o(i.LCD_ShowPicture)
    LCD_WR_DATA                              0x08000a65   Thumb Code    30  bsp_lcd.o(i.LCD_WR_DATA)
    LCD_WR_DATA8                             0x08000a89   Thumb Code    22  bsp_lcd.o(i.LCD_WR_DATA8)
    LCD_WR_REG                               0x08000aa5   Thumb Code    22  bsp_lcd.o(i.LCD_WR_REG)
    LCD_Writ_Bus                             0x08000ac1   Thumb Code    90  bsp_lcd.o(i.LCD_Writ_Bus)
    MemManage_Handler                        0x08000b21   Thumb Code     4  gd32f4xx_it.o(i.MemManage_Handler)
    NMI_Handler                              0x08000b25   Thumb Code     2  gd32f4xx_it.o(i.NMI_Handler)
    PCA9685_GPIO_Init                        0x08000b51   Thumb Code    76  bsp_pca9685.o(i.PCA9685_GPIO_Init)
    PCA9685_Init                             0x08000ba1   Thumb Code   254  bsp_pca9685.o(i.PCA9685_Init)
    PCA9685_Read                             0x08000cb1   Thumb Code    72  bsp_pca9685.o(i.PCA9685_Read)
    PCA9685_Write                            0x08000cf9   Thumb Code    46  bsp_pca9685.o(i.PCA9685_Write)
    PCA9685_setFreq                          0x08000d29   Thumb Code   202  bsp_pca9685.o(i.PCA9685_setFreq)
    PCA9685_setPWM                           0x08000e15   Thumb Code    86  bsp_pca9685.o(i.PCA9685_setPWM)
    PS2_AnologData                           0x08000e6d   Thumb Code     8  bsp_ps2.o(i.PS2_AnologData)
    PS2_ClearData                            0x08000e79   Thumb Code    20  bsp_ps2.o(i.PS2_ClearData)
    PS2_Cmd                                  0x08000e91   Thumb Code   140  bsp_ps2.o(i.PS2_Cmd)
    PS2_DataKey                              0x08000f25   Thumb Code    66  bsp_ps2.o(i.PS2_DataKey)
    PS2_EnterConfing                         0x08000f71   Thumb Code    92  bsp_ps2.o(i.PS2_EnterConfing)
    PS2_ExitConfing                          0x08000fd1   Thumb Code    92  bsp_ps2.o(i.PS2_ExitConfing)
    PS2_GPIO_Init                            0x08001031   Thumb Code   154  bsp_ps2.o(i.PS2_GPIO_Init)
    PS2_ReadData                             0x080010d1   Thumb Code   186  bsp_ps2.o(i.PS2_ReadData)
    PS2_RedLight                             0x08001199   Thumb Code    56  bsp_ps2.o(i.PS2_RedLight)
    PS2_SetInit                              0x080011dd   Thumb Code    36  bsp_ps2.o(i.PS2_SetInit)
    PS2_TurnOnAnalogMode                     0x08001201   Thumb Code    86  bsp_ps2.o(i.PS2_TurnOnAnalogMode)
    PS2_VibrationMode                        0x0800125d   Thumb Code    68  bsp_ps2.o(i.PS2_VibrationMode)
    PS2_shortPoll                            0x080012a5   Thumb Code    74  bsp_ps2.o(i.PS2_shortPoll)
    PendSV_Handler                           0x080012f5   Thumb Code     2  gd32f4xx_it.o(i.PendSV_Handler)
    Read_Byte                                0x080012f9   Thumb Code   106  bsp_pca9685.o(i.Read_Byte)
    SVC_Handler                              0x08001369   Thumb Code     2  gd32f4xx_it.o(i.SVC_Handler)
    Send_Byte                                0x0800136d   Thumb Code    96  bsp_pca9685.o(i.Send_Byte)
    SysTick_Handler                          0x080013d1   Thumb Code     8  gd32f4xx_it.o(i.SysTick_Handler)
    SystemInit                               0x080013d9   Thumb Code   184  system_gd32f4xx.o(i.SystemInit)
    TIMER2_IRQHandler                        0x080014a1   Thumb Code    38  bsp_timer.o(i.TIMER2_IRQHandler)
    TIMER5_DAC_IRQHandler                    0x080014ed   Thumb Code    38  bsp_timer.o(i.TIMER5_DAC_IRQHandler)
    UART6_IRQHandler                         0x08001539   Thumb Code    74  bsp_usart.o(i.UART6_IRQHandler)
    USART0_IRQHandler                        0x0800159d   Thumb Code    74  bsp_usart.o(i.USART0_IRQHandler)
    USART2_IRQHandler                        0x08001601   Thumb Code    74  bsp_usart.o(i.USART2_IRQHandler)
    UsageFault_Handler                       0x08001665   Thumb Code     4  gd32f4xx_it.o(i.UsageFault_Handler)
    __0printf$6                              0x08001669   Thumb Code    22  printf6.o(i.__0printf$6)
    __1printf$6                              0x08001669   Thumb Code     0  printf6.o(i.__0printf$6)
    __2printf                                0x08001669   Thumb Code     0  printf6.o(i.__0printf$6)
    __hardfp_floor                           0x08001689   Thumb Code   252  floor.o(i.__hardfp_floor)
    __scatterload_copy                       0x080017a1   Thumb Code    14  handlers.o(i.__scatterload_copy)
    __scatterload_null                       0x080017af   Thumb Code     2  handlers.o(i.__scatterload_null)
    __scatterload_zeroinit                   0x080017b1   Thumb Code    14  handlers.o(i.__scatterload_zeroinit)
    buzzer_gpio_config                       0x08001b05   Thumb Code    40  bsp_buzzer.o(i.buzzer_gpio_config)
    delay_1ms                                0x08001b31   Thumb Code    22  systick.o(i.delay_1ms)
    delay_1us                                0x08001b4d   Thumb Code    16  systick.o(i.delay_1us)
    delay_decrement                          0x08001b61   Thumb Code    18  systick.o(i.delay_decrement)
    dma_interrupt_flag_clear                 0x08001b79   Thumb Code    62  gd32f4xx_dma.o(i.dma_interrupt_flag_clear)
    dma_interrupt_flag_get                   0x08001bb7   Thumb Code   516  gd32f4xx_dma.o(i.dma_interrupt_flag_get)
    exti_interrupt_flag_clear                0x08001dbd   Thumb Code     6  gd32f4xx_exti.o(i.exti_interrupt_flag_clear)
    exti_interrupt_flag_get                  0x08001dc9   Thumb Code    32  gd32f4xx_exti.o(i.exti_interrupt_flag_get)
    eye_gpio_config                          0x08001ded   Thumb Code    36  bsp_eye.o(i.eye_gpio_config)
    fputc                                    0x08001e15   Thumb Code    16  bsp_usart.o(i.fputc)
    gpio_af_set                              0x08001e25   Thumb Code    94  gd32f4xx_gpio.o(i.gpio_af_set)
    gpio_bit_set                             0x08001e83   Thumb Code     4  gd32f4xx_gpio.o(i.gpio_bit_set)
    gpio_bit_toggle                          0x08001e87   Thumb Code     4  gd32f4xx_gpio.o(i.gpio_bit_toggle)
    gpio_bit_write                           0x08001e8b   Thumb Code    10  gd32f4xx_gpio.o(i.gpio_bit_write)
    gpio_input_bit_get                       0x08001e95   Thumb Code    16  gd32f4xx_gpio.o(i.gpio_input_bit_get)
    gpio_mode_set                            0x08001ea5   Thumb Code    78  gd32f4xx_gpio.o(i.gpio_mode_set)
    gpio_output_options_set                  0x08001ef3   Thumb Code    66  gd32f4xx_gpio.o(i.gpio_output_options_set)
    lcd_gpio_config                          0x08001f35   Thumb Code   612  bsp_lcd.o(i.lcd_gpio_config)
    led_gpio_config                          0x0800219d   Thumb Code   132  bsp_led.o(i.led_gpio_config)
    main                                     0x08002231   Thumb Code  1556  main.o(i.main)
    motor_L_back                             0x08002871   Thumb Code    48  bsp_motor.o(i.motor_L_back)
    motor_L_front                            0x080028a9   Thumb Code    46  bsp_motor.o(i.motor_L_front)
    motor_L_stop                             0x080028e1   Thumb Code    86  bsp_motor.o(i.motor_L_stop)
    motor_R_back                             0x08002945   Thumb Code    46  bsp_motor.o(i.motor_R_back)
    motor_R_front                            0x0800297d   Thumb Code    48  bsp_motor.o(i.motor_R_front)
    motor_R_stop                             0x080029b5   Thumb Code    86  bsp_motor.o(i.motor_R_stop)
    motor_backward                           0x08002a19   Thumb Code    18  bsp_motor.o(i.motor_backward)
    motor_forward                            0x08002a2b   Thumb Code    18  bsp_motor.o(i.motor_forward)
    motor_gpio_config                        0x08002a3d   Thumb Code   172  bsp_motor.o(i.motor_gpio_config)
    motor_leftward                           0x08002aed   Thumb Code    18  bsp_motor.o(i.motor_leftward)
    motor_rightward                          0x08002aff   Thumb Code    18  bsp_motor.o(i.motor_rightward)
    motor_stop                               0x08002b11   Thumb Code    34  bsp_motor.o(i.motor_stop)
    nvic_irq_enable                          0x08002b35   Thumb Code   186  gd32f4xx_misc.o(i.nvic_irq_enable)
    nvic_priority_group_set                  0x08002bf9   Thumb Code    10  gd32f4xx_misc.o(i.nvic_priority_group_set)
    pwm1_config                              0x08002c0d   Thumb Code   280  bsp_pwm.o(i.pwm1_config)
    rcu_clock_freq_get                       0x08002d25   Thumb Code   264  gd32f4xx_rcu.o(i.rcu_clock_freq_get)
    rcu_periph_clock_enable                  0x08002e49   Thumb Code    32  gd32f4xx_rcu.o(i.rcu_periph_clock_enable)
    rcu_periph_reset_disable                 0x08002e6d   Thumb Code    32  gd32f4xx_rcu.o(i.rcu_periph_reset_disable)
    rcu_periph_reset_enable                  0x08002e91   Thumb Code    32  gd32f4xx_rcu.o(i.rcu_periph_reset_enable)
    rcu_timer_clock_prescaler_config         0x08002eb5   Thumb Code    32  gd32f4xx_rcu.o(i.rcu_timer_clock_prescaler_config)
    setAngle                                 0x08002ed9   Thumb Code    76  bsp_pca9685.o(i.setAngle)
    switch_buzzer_status                     0x08002f35   Thumb Code    46  bsp_buzzer.o(i.switch_buzzer_status)
    switch_eye_left_status                   0x08002f6d   Thumb Code    44  bsp_eye.o(i.switch_eye_left_status)
    switch_eye_right_status                  0x08002fa1   Thumb Code    44  bsp_eye.o(i.switch_eye_right_status)
    systick_config                           0x080030d9   Thumb Code    72  systick.o(i.systick_config)
    timer_auto_reload_shadow_enable          0x08003129   Thumb Code    10  gd32f4xx_timer.o(i.timer_auto_reload_shadow_enable)
    timer_channel_output_config              0x08003135   Thumb Code   484  gd32f4xx_timer.o(i.timer_channel_output_config)
    timer_channel_output_mode_config         0x08003321   Thumb Code    90  gd32f4xx_timer.o(i.timer_channel_output_mode_config)
    timer_channel_output_pulse_value_config  0x0800337b   Thumb Code    38  gd32f4xx_timer.o(i.timer_channel_output_pulse_value_config)
    timer_channel_output_shadow_config       0x080033a1   Thumb Code    90  gd32f4xx_timer.o(i.timer_channel_output_shadow_config)
    timer_deinit                             0x080033fd   Thumb Code   374  gd32f4xx_timer.o(i.timer_deinit)
    timer_enable                             0x08003581   Thumb Code    10  gd32f4xx_timer.o(i.timer_enable)
    timer_init                               0x0800358d   Thumb Code   122  gd32f4xx_timer.o(i.timer_init)
    timer_interrupt_flag_clear               0x08003625   Thumb Code     6  gd32f4xx_timer.o(i.timer_interrupt_flag_clear)
    timer_interrupt_flag_get                 0x0800362b   Thumb Code    24  gd32f4xx_timer.o(i.timer_interrupt_flag_get)
    uart6_gpio_config                        0x08003645   Thumb Code   188  bsp_usart.o(i.uart6_gpio_config)
    usart2_gpio_config                       0x08003709   Thumb Code   200  bsp_usart.o(i.usart2_gpio_config)
    usart_baudrate_set                       0x080037d9   Thumb Code   224  gd32f4xx_usart.o(i.usart_baudrate_set)
    usart_data_receive                       0x080038c1   Thumb Code    10  gd32f4xx_usart.o(i.usart_data_receive)
    usart_data_transmit                      0x080038cb   Thumb Code     8  gd32f4xx_usart.o(i.usart_data_transmit)
    usart_deinit                             0x080038d5   Thumb Code   210  gd32f4xx_usart.o(i.usart_deinit)
    usart_enable                             0x080039b1   Thumb Code    10  gd32f4xx_usart.o(i.usart_enable)
    usart_flag_get                           0x080039bb   Thumb Code    30  gd32f4xx_usart.o(i.usart_flag_get)
    usart_gpio_config                        0x080039d9   Thumb Code   162  bsp_usart.o(i.usart_gpio_config)
    usart_interrupt_enable                   0x08003a85   Thumb Code    26  gd32f4xx_usart.o(i.usart_interrupt_enable)
    usart_interrupt_flag_get                 0x08003a9f   Thumb Code    56  gd32f4xx_usart.o(i.usart_interrupt_flag_get)
    usart_parity_config                      0x08003ad7   Thumb Code    16  gd32f4xx_usart.o(i.usart_parity_config)
    usart_receive_config                     0x08003ae7   Thumb Code    16  gd32f4xx_usart.o(i.usart_receive_config)
    usart_send_data                          0x08003af9   Thumb Code    28  bsp_usart.o(i.usart_send_data)
    usart_stop_bit_set                       0x08003b19   Thumb Code    16  gd32f4xx_usart.o(i.usart_stop_bit_set)
    usart_transmit_config                    0x08003b29   Thumb Code    16  gd32f4xx_usart.o(i.usart_transmit_config)
    usart_word_length_set                    0x08003b39   Thumb Code    16  gd32f4xx_usart.o(i.usart_word_length_set)
    image                                    0x08003b48   Data        3200  main.o(.constdata)
    heart                                    0x080047c8   Data       115200  main.o(.constdata)
    lceda                                    0x080209c8   Data       113760  main.o(.constdata)
    oshwhub                                  0x0803c628   Data       114720  main.o(.constdata)
    WALL_E                                   0x08058648   Data       115200  main.o(.constdata)
    shang                                    0x08074848   Data       64320  main.o(.constdata)
    xia                                      0x08084388   Data       64800  main.o(.constdata)
    zuo                                      0x080940a8   Data       64320  main.o(.constdata)
    you                                      0x080a3be8   Data       64320  main.o(.constdata)
    Region$$Table$$Base                      0x080b3778   Number         0  anon$$obj.o(Region$$Table)
    Region$$Table$$Limit                     0x080b3798   Number         0  anon$$obj.o(Region$$Table)
    speed                                    0x20000004   Data           2  main.o(.data)
    SystemCoreClock                          0x20000008   Data           4  system_gd32f4xx.o(.data)
    g_recv_length                            0x2000000c   Data           2  bsp_usart.o(.data)
    g_recv_complete_flag                     0x2000000e   Data           1  bsp_usart.o(.data)
    g_recv_length_usart2                     0x20000010   Data           2  bsp_usart.o(.data)
    g_recv_complete_flag_usart2              0x20000012   Data           1  bsp_usart.o(.data)
    g_recv_length_uart6                      0x20000014   Data           2  bsp_usart.o(.data)
    g_recv_complete_flag_uart6               0x20000016   Data           1  bsp_usart.o(.data)
    str1                                     0x20000018   Data           4  bsp_usart.o(.data)
    str2                                     0x2000001c   Data           4  bsp_usart.o(.data)
    str3                                     0x20000020   Data           4  bsp_usart.o(.data)
    str4                                     0x20000024   Data           4  bsp_usart.o(.data)
    str5                                     0x20000028   Data           4  bsp_usart.o(.data)
    str6                                     0x2000002c   Data           4  bsp_usart.o(.data)
    str7                                     0x20000030   Data           4  bsp_usart.o(.data)
    str8                                     0x20000034   Data           4  bsp_usart.o(.data)
    BUZZER_STATUS                            0x20000038   Data           4  bsp_buzzer.o(.data)
    EYE_L_STATUS                             0x2000003c   Data           4  bsp_eye.o(.data)
    EYE_R_STATUS                             0x20000040   Data           4  bsp_eye.o(.data)
    Hzk32                                    0x20000044   Data         640  bsp_lcd.o(.data)
    Hzk16                                    0x200002c4   Data         224  bsp_lcd.o(.data)
    BACK_COLOR                               0x200003a4   Data           4  bsp_lcd.o(.data)
    Comd                                     0x200003a8   Data           2  bsp_ps2.o(.data)
    MASK                                     0x200003aa   Data          32  bsp_ps2.o(.data)
    __stdout                                 0x200003cc   Data           4  stdout.o(.data)
    g_recv_buff                              0x200003d0   Data        4096  bsp_usart.o(.bss)
    g_recv_buff_usart2                       0x200013d0   Data        4096  bsp_usart.o(.bss)
    g_recv_buff_uart6                        0x200023d0   Data        4096  bsp_usart.o(.bss)
    Data                                     0x200033d0   Data           9  bsp_ps2.o(.bss)
    __initial_sp                             0x200037e0   Data           0  startup_gd32f450_470.o(STACK)



==============================================================================

Memory Map of the image

  Image Entry point : 0x080001ad

  Load Region LR_IROM1 (Base: 0x08000000, Size: 0x000b3b68, Max: 0x00100000, ABSOLUTE, COMPRESSED[0x000b397c])

    Execution Region ER_IROM1 (Exec base: 0x08000000, Load base: 0x08000000, Size: 0x000b3798, Max: 0x00100000, ABSOLUTE)

    Exec Addr    Load Addr    Size         Type   Attr      Idx    E Section Name        Object

    0x08000000   0x08000000   0x000001ac   Data   RO          387    RESET               startup_gd32f450_470.o
    0x080001ac   0x080001ac   0x00000000   Code   RO         3141  * .ARM.Collect$$$$00000000  mc_w.l(entry.o)
    0x080001ac   0x080001ac   0x00000004   Code   RO         3419    .ARM.Collect$$$$00000001  mc_w.l(entry2.o)
    0x080001b0   0x080001b0   0x00000004   Code   RO         3422    .ARM.Collect$$$$00000004  mc_w.l(entry5.o)
    0x080001b4   0x080001b4   0x00000000   Code   RO         3424    .ARM.Collect$$$$00000008  mc_w.l(entry7b.o)
    0x080001b4   0x080001b4   0x00000000   Code   RO         3426    .ARM.Collect$$$$0000000A  mc_w.l(entry8b.o)
    0x080001b4   0x080001b4   0x00000008   Code   RO         3427    .ARM.Collect$$$$0000000B  mc_w.l(entry9a.o)
    0x080001bc   0x080001bc   0x00000004   Code   RO         3434    .ARM.Collect$$$$0000000E  mc_w.l(entry12b.o)
    0x080001c0   0x080001c0   0x00000000   Code   RO         3429    .ARM.Collect$$$$0000000F  mc_w.l(entry10a.o)
    0x080001c0   0x080001c0   0x00000000   Code   RO         3431    .ARM.Collect$$$$00000011  mc_w.l(entry11a.o)
    0x080001c0   0x080001c0   0x00000004   Code   RO         3420    .ARM.Collect$$$$00002712  mc_w.l(entry2.o)
    0x080001c4   0x080001c4   0x00000024   Code   RO          388    .text               startup_gd32f450_470.o
    0x080001e8   0x080001e8   0x00000024   Code   RO         3144    .text               mc_w.l(memseta.o)
    0x0800020c   0x0800020c   0x0000014e   Code   RO         3407    .text               mf_w.l(dadd.o)
    0x0800035a   0x0800035a   0x000000e4   Code   RO         3409    .text               mf_w.l(dmul.o)
    0x0800043e   0x0800043e   0x000000de   Code   RO         3411    .text               mf_w.l(ddiv.o)
    0x0800051c   0x0800051c   0x0000001a   Code   RO         3413    .text               mf_w.l(dfltui.o)
    0x08000536   0x08000536   0x00000032   Code   RO         3415    .text               mf_w.l(dfixui.o)
    0x08000568   0x08000568   0x00000026   Code   RO         3417    .text               mf_w.l(f2d.o)
    0x0800058e   0x0800058e   0x0000002c   Code   RO         3436    .text               mc_w.l(uidiv.o)
    0x080005ba   0x080005ba   0x0000001e   Code   RO         3440    .text               mc_w.l(llshl.o)
    0x080005d8   0x080005d8   0x00000020   Code   RO         3442    .text               mc_w.l(llushr.o)
    0x080005f8   0x080005f8   0x00000024   Code   RO         3444    .text               mc_w.l(llsshr.o)
    0x0800061c   0x0800061c   0x00000000   Code   RO         3446    .text               mc_w.l(iusefp.o)
    0x0800061c   0x0800061c   0x000000ba   Code   RO         3447    .text               mf_w.l(depilogue.o)
    0x080006d6   0x080006d6   0x00000002   PAD
    0x080006d8   0x080006d8   0x00000030   Code   RO         3451    .text               mf_w.l(cdrcmple.o)
    0x08000708   0x08000708   0x00000024   Code   RO         3453    .text               mc_w.l(init.o)
    0x0800072c   0x0800072c   0x00000056   Code   RO         3463    .text               mc_w.l(__dczerorl2.o)
    0x08000782   0x08000782   0x00000004   Code   RO          260    i.BusFault_Handler  gd32f4xx_it.o
    0x08000786   0x08000786   0x00000002   PAD
    0x08000788   0x08000788   0x00000020   Code   RO          548    i.DMA1_Channel2_IRQHandler  bsp_dma.o
    0x080007a8   0x080007a8   0x00000002   Code   RO          261    i.DebugMon_Handler  gd32f4xx_it.o
    0x080007aa   0x080007aa   0x00000002   PAD
    0x080007ac   0x080007ac   0x00000054   Code   RO          490    i.EXTI0_IRQHandler  bsp_key.o
    0x08000800   0x08000800   0x00000004   Code   RO          262    i.HardFault_Handler  gd32f4xx_it.o
    0x08000804   0x08000804   0x0000008c   Code   RO          993    i.I2C_WaitAck       bsp_pca9685.o
    0x08000890   0x08000890   0x00000078   Code   RO          994    i.IIC_Send_Ack      bsp_pca9685.o
    0x08000908   0x08000908   0x0000005c   Code   RO          995    i.IIC_Start         bsp_pca9685.o
    0x08000964   0x08000964   0x00000050   Code   RO          996    i.IIC_Stop          bsp_pca9685.o
    0x080009b4   0x080009b4   0x0000003a   Code   RO          838    i.LCD_Address_Set   bsp_lcd.o
    0x080009ee   0x080009ee   0x0000002c   Code   RO          839    i.LCD_Clear         bsp_lcd.o
    0x08000a1a   0x08000a1a   0x00000048   Code   RO          849    i.LCD_ShowPicture   bsp_lcd.o
    0x08000a62   0x08000a62   0x00000002   PAD
    0x08000a64   0x08000a64   0x00000024   Code   RO          853    i.LCD_WR_DATA       bsp_lcd.o
    0x08000a88   0x08000a88   0x0000001c   Code   RO          854    i.LCD_WR_DATA8      bsp_lcd.o
    0x08000aa4   0x08000aa4   0x0000001c   Code   RO          855    i.LCD_WR_REG        bsp_lcd.o
    0x08000ac0   0x08000ac0   0x00000060   Code   RO          856    i.LCD_Writ_Bus      bsp_lcd.o
    0x08000b20   0x08000b20   0x00000004   Code   RO          263    i.MemManage_Handler  gd32f4xx_it.o
    0x08000b24   0x08000b24   0x00000002   Code   RO          264    i.NMI_Handler       gd32f4xx_it.o
    0x08000b26   0x08000b26   0x00000002   PAD
    0x08000b28   0x08000b28   0x00000028   Code   RO            3    i.NVIC_SetPriority  systick.o
    0x08000b50   0x08000b50   0x00000050   Code   RO          997    i.PCA9685_GPIO_Init  bsp_pca9685.o
    0x08000ba0   0x08000ba0   0x00000110   Code   RO          998    i.PCA9685_Init      bsp_pca9685.o
    0x08000cb0   0x08000cb0   0x00000048   Code   RO          999    i.PCA9685_Read      bsp_pca9685.o
    0x08000cf8   0x08000cf8   0x0000002e   Code   RO         1000    i.PCA9685_Write     bsp_pca9685.o
    0x08000d26   0x08000d26   0x00000002   PAD
    0x08000d28   0x08000d28   0x000000ec   Code   RO         1001    i.PCA9685_setFreq   bsp_pca9685.o
    0x08000e14   0x08000e14   0x00000056   Code   RO         1002    i.PCA9685_setPWM    bsp_pca9685.o
    0x08000e6a   0x08000e6a   0x00000002   PAD
    0x08000e6c   0x08000e6c   0x0000000c   Code   RO         1089    i.PS2_AnologData    bsp_ps2.o
    0x08000e78   0x08000e78   0x00000018   Code   RO         1090    i.PS2_ClearData     bsp_ps2.o
    0x08000e90   0x08000e90   0x00000094   Code   RO         1091    i.PS2_Cmd           bsp_ps2.o
    0x08000f24   0x08000f24   0x0000004c   Code   RO         1092    i.PS2_DataKey       bsp_ps2.o
    0x08000f70   0x08000f70   0x00000060   Code   RO         1093    i.PS2_EnterConfing  bsp_ps2.o
    0x08000fd0   0x08000fd0   0x00000060   Code   RO         1094    i.PS2_ExitConfing   bsp_ps2.o
    0x08001030   0x08001030   0x000000a0   Code   RO         1095    i.PS2_GPIO_Init     bsp_ps2.o
    0x080010d0   0x080010d0   0x000000c8   Code   RO         1096    i.PS2_ReadData      bsp_ps2.o
    0x08001198   0x08001198   0x00000044   Code   RO         1097    i.PS2_RedLight      bsp_ps2.o
    0x080011dc   0x080011dc   0x00000024   Code   RO         1098    i.PS2_SetInit       bsp_ps2.o
    0x08001200   0x08001200   0x0000005c   Code   RO         1099    i.PS2_TurnOnAnalogMode  bsp_ps2.o
    0x0800125c   0x0800125c   0x00000048   Code   RO         1100    i.PS2_VibrationMode  bsp_ps2.o
    0x080012a4   0x080012a4   0x00000050   Code   RO         1101    i.PS2_shortPoll     bsp_ps2.o
    0x080012f4   0x080012f4   0x00000002   Code   RO          265    i.PendSV_Handler    gd32f4xx_it.o
    0x080012f6   0x080012f6   0x00000002   PAD
    0x080012f8   0x080012f8   0x00000070   Code   RO         1003    i.Read_Byte         bsp_pca9685.o
    0x08001368   0x08001368   0x00000002   Code   RO          266    i.SVC_Handler       gd32f4xx_it.o
    0x0800136a   0x0800136a   0x00000002   PAD
    0x0800136c   0x0800136c   0x00000064   Code   RO         1004    i.Send_Byte         bsp_pca9685.o
    0x080013d0   0x080013d0   0x00000008   Code   RO          267    i.SysTick_Handler   gd32f4xx_it.o
    0x080013d8   0x080013d8   0x000000c8   Code   RO          346    i.SystemInit        system_gd32f4xx.o
    0x080014a0   0x080014a0   0x0000004c   Code   RO          574    i.TIMER2_IRQHandler  bsp_timer.o
    0x080014ec   0x080014ec   0x0000004c   Code   RO          575    i.TIMER5_DAC_IRQHandler  bsp_timer.o
    0x08001538   0x08001538   0x00000064   Code   RO          414    i.UART6_IRQHandler  bsp_usart.o
    0x0800159c   0x0800159c   0x00000064   Code   RO          415    i.USART0_IRQHandler  bsp_usart.o
    0x08001600   0x08001600   0x00000064   Code   RO          416    i.USART2_IRQHandler  bsp_usart.o
    0x08001664   0x08001664   0x00000004   Code   RO          268    i.UsageFault_Handler  gd32f4xx_it.o
    0x08001668   0x08001668   0x00000020   Code   RO         3301    i.__0printf$6       mc_w.l(printf6.o)
    0x08001688   0x08001688   0x00000118   Code   RO         3135    i.__hardfp_floor    m_wm.l(floor.o)
    0x080017a0   0x080017a0   0x0000000e   Code   RO         3457    i.__scatterload_copy  mc_w.l(handlers.o)
    0x080017ae   0x080017ae   0x00000002   Code   RO         3458    i.__scatterload_null  mc_w.l(handlers.o)
    0x080017b0   0x080017b0   0x0000000e   Code   RO         3459    i.__scatterload_zeroinit  mc_w.l(handlers.o)
    0x080017be   0x080017be   0x00000002   PAD
    0x080017c0   0x080017c0   0x000002f0   Code   RO         3308    i._printf_core      mc_w.l(printf6.o)
    0x08001ab0   0x08001ab0   0x00000024   Code   RO         3309    i._printf_post_padding  mc_w.l(printf6.o)
    0x08001ad4   0x08001ad4   0x0000002e   Code   RO         3310    i._printf_pre_padding  mc_w.l(printf6.o)
    0x08001b02   0x08001b02   0x00000002   PAD
    0x08001b04   0x08001b04   0x0000002c   Code   RO          612    i.buzzer_gpio_config  bsp_buzzer.o
    0x08001b30   0x08001b30   0x0000001c   Code   RO            4    i.delay_1ms         systick.o
    0x08001b4c   0x08001b4c   0x00000014   Code   RO            5    i.delay_1us         systick.o
    0x08001b60   0x08001b60   0x00000018   Code   RO            6    i.delay_decrement   systick.o
    0x08001b78   0x08001b78   0x0000003e   Code   RO         2591    i.dma_interrupt_flag_clear  gd32f4xx_dma.o
    0x08001bb6   0x08001bb6   0x00000204   Code   RO         2592    i.dma_interrupt_flag_get  gd32f4xx_dma.o
    0x08001dba   0x08001dba   0x00000002   PAD
    0x08001dbc   0x08001dbc   0x0000000c   Code   RO         2055    i.exti_interrupt_flag_clear  gd32f4xx_exti.o
    0x08001dc8   0x08001dc8   0x00000024   Code   RO         2056    i.exti_interrupt_flag_get  gd32f4xx_exti.o
    0x08001dec   0x08001dec   0x00000028   Code   RO          641    i.eye_gpio_config   bsp_eye.o
    0x08001e14   0x08001e14   0x00000010   Code   RO          417    i.fputc             bsp_usart.o
    0x08001e24   0x08001e24   0x0000005e   Code   RO         1185    i.gpio_af_set       gd32f4xx_gpio.o
    0x08001e82   0x08001e82   0x00000004   Code   RO         1187    i.gpio_bit_set      gd32f4xx_gpio.o
    0x08001e86   0x08001e86   0x00000004   Code   RO         1188    i.gpio_bit_toggle   gd32f4xx_gpio.o
    0x08001e8a   0x08001e8a   0x0000000a   Code   RO         1189    i.gpio_bit_write    gd32f4xx_gpio.o
    0x08001e94   0x08001e94   0x00000010   Code   RO         1191    i.gpio_input_bit_get  gd32f4xx_gpio.o
    0x08001ea4   0x08001ea4   0x0000004e   Code   RO         1193    i.gpio_mode_set     gd32f4xx_gpio.o
    0x08001ef2   0x08001ef2   0x00000042   Code   RO         1195    i.gpio_output_options_set  gd32f4xx_gpio.o
    0x08001f34   0x08001f34   0x00000268   Code   RO          857    i.lcd_gpio_config   bsp_lcd.o
    0x0800219c   0x0800219c   0x00000094   Code   RO          394    i.led_gpio_config   bsp_led.o
    0x08002230   0x08002230   0x00000640   Code   RO          170    i.main              main.o
    0x08002870   0x08002870   0x00000038   Code   RO          676    i.motor_L_back      bsp_motor.o
    0x080028a8   0x080028a8   0x00000038   Code   RO          677    i.motor_L_front     bsp_motor.o
    0x080028e0   0x080028e0   0x00000064   Code   RO          678    i.motor_L_stop      bsp_motor.o
    0x08002944   0x08002944   0x00000038   Code   RO          679    i.motor_R_back      bsp_motor.o
    0x0800297c   0x0800297c   0x00000038   Code   RO          680    i.motor_R_front     bsp_motor.o
    0x080029b4   0x080029b4   0x00000064   Code   RO          681    i.motor_R_stop      bsp_motor.o
    0x08002a18   0x08002a18   0x00000012   Code   RO          682    i.motor_backward    bsp_motor.o
    0x08002a2a   0x08002a2a   0x00000012   Code   RO          683    i.motor_forward     bsp_motor.o
    0x08002a3c   0x08002a3c   0x000000b0   Code   RO          684    i.motor_gpio_config  bsp_motor.o
    0x08002aec   0x08002aec   0x00000012   Code   RO          685    i.motor_leftward    bsp_motor.o
    0x08002afe   0x08002afe   0x00000012   Code   RO          686    i.motor_rightward   bsp_motor.o
    0x08002b10   0x08002b10   0x00000022   Code   RO          687    i.motor_stop        bsp_motor.o
    0x08002b32   0x08002b32   0x00000002   PAD
    0x08002b34   0x08002b34   0x000000c4   Code   RO         1930    i.nvic_irq_enable   gd32f4xx_misc.o
    0x08002bf8   0x08002bf8   0x00000014   Code   RO         1931    i.nvic_priority_group_set  gd32f4xx_misc.o
    0x08002c0c   0x08002c0c   0x00000118   Code   RO          528    i.pwm1_config       bsp_pwm.o
    0x08002d24   0x08002d24   0x00000124   Code   RO         1298    i.rcu_clock_freq_get  gd32f4xx_rcu.o
    0x08002e48   0x08002e48   0x00000024   Code   RO         1317    i.rcu_periph_clock_enable  gd32f4xx_rcu.o
    0x08002e6c   0x08002e6c   0x00000024   Code   RO         1320    i.rcu_periph_reset_disable  gd32f4xx_rcu.o
    0x08002e90   0x08002e90   0x00000024   Code   RO         1321    i.rcu_periph_reset_enable  gd32f4xx_rcu.o
    0x08002eb4   0x08002eb4   0x00000024   Code   RO         1333    i.rcu_timer_clock_prescaler_config  gd32f4xx_rcu.o
    0x08002ed8   0x08002ed8   0x0000005c   Code   RO         1005    i.setAngle          bsp_pca9685.o
    0x08002f34   0x08002f34   0x00000038   Code   RO          613    i.switch_buzzer_status  bsp_buzzer.o
    0x08002f6c   0x08002f6c   0x00000034   Code   RO          642    i.switch_eye_left_status  bsp_eye.o
    0x08002fa0   0x08002fa0   0x00000034   Code   RO          643    i.switch_eye_right_status  bsp_eye.o
    0x08002fd4   0x08002fd4   0x000000fc   Code   RO          347    i.system_clock_200m_25m_hxtal  system_gd32f4xx.o
    0x080030d0   0x080030d0   0x00000008   Code   RO          348    i.system_clock_config  system_gd32f4xx.o
    0x080030d8   0x080030d8   0x00000050   Code   RO            7    i.systick_config    systick.o
    0x08003128   0x08003128   0x0000000a   Code   RO         2134    i.timer_auto_reload_shadow_enable  gd32f4xx_timer.o
    0x08003132   0x08003132   0x00000002   PAD
    0x08003134   0x08003134   0x000001ec   Code   RO         2151    i.timer_channel_output_config  gd32f4xx_timer.o
    0x08003320   0x08003320   0x0000005a   Code   RO         2153    i.timer_channel_output_mode_config  gd32f4xx_timer.o
    0x0800337a   0x0800337a   0x00000026   Code   RO         2155    i.timer_channel_output_pulse_value_config  gd32f4xx_timer.o
    0x080033a0   0x080033a0   0x0000005a   Code   RO         2156    i.timer_channel_output_shadow_config  gd32f4xx_timer.o
    0x080033fa   0x080033fa   0x00000002   PAD
    0x080033fc   0x080033fc   0x00000184   Code   RO         2165    i.timer_deinit      gd32f4xx_timer.o
    0x08003580   0x08003580   0x0000000a   Code   RO         2170    i.timer_enable      gd32f4xx_timer.o
    0x0800358a   0x0800358a   0x00000002   PAD
    0x0800358c   0x0800358c   0x00000098   Code   RO         2180    i.timer_init        gd32f4xx_timer.o
    0x08003624   0x08003624   0x00000006   Code   RO         2188    i.timer_interrupt_flag_clear  gd32f4xx_timer.o
    0x0800362a   0x0800362a   0x00000018   Code   RO         2189    i.timer_interrupt_flag_get  gd32f4xx_timer.o
    0x08003642   0x08003642   0x00000002   PAD
    0x08003644   0x08003644   0x000000c4   Code   RO          418    i.uart6_gpio_config  bsp_usart.o
    0x08003708   0x08003708   0x000000d0   Code   RO          419    i.usart2_gpio_config  bsp_usart.o
    0x080037d8   0x080037d8   0x000000e8   Code   RO         1586    i.usart_baudrate_set  gd32f4xx_usart.o
    0x080038c0   0x080038c0   0x0000000a   Code   RO         1590    i.usart_data_receive  gd32f4xx_usart.o
    0x080038ca   0x080038ca   0x00000008   Code   RO         1591    i.usart_data_transmit  gd32f4xx_usart.o
    0x080038d2   0x080038d2   0x00000002   PAD
    0x080038d4   0x080038d4   0x000000dc   Code   RO         1592    i.usart_deinit      gd32f4xx_usart.o
    0x080039b0   0x080039b0   0x0000000a   Code   RO         1596    i.usart_enable      gd32f4xx_usart.o
    0x080039ba   0x080039ba   0x0000001e   Code   RO         1598    i.usart_flag_get    gd32f4xx_usart.o
    0x080039d8   0x080039d8   0x000000ac   Code   RO          420    i.usart_gpio_config  bsp_usart.o
    0x08003a84   0x08003a84   0x0000001a   Code   RO         1606    i.usart_interrupt_enable  gd32f4xx_usart.o
    0x08003a9e   0x08003a9e   0x00000038   Code   RO         1608    i.usart_interrupt_flag_get  gd32f4xx_usart.o
    0x08003ad6   0x08003ad6   0x00000010   Code   RO         1621    i.usart_parity_config  gd32f4xx_usart.o
    0x08003ae6   0x08003ae6   0x00000010   Code   RO         1623    i.usart_receive_config  gd32f4xx_usart.o
    0x08003af6   0x08003af6   0x00000002   PAD
    0x08003af8   0x08003af8   0x00000020   Code   RO          421    i.usart_send_data   bsp_usart.o
    0x08003b18   0x08003b18   0x00000010   Code   RO         1634    i.usart_stop_bit_set  gd32f4xx_usart.o
    0x08003b28   0x08003b28   0x00000010   Code   RO         1638    i.usart_transmit_config  gd32f4xx_usart.o
    0x08003b38   0x08003b38   0x00000010   Code   RO         1639    i.usart_word_length_set  gd32f4xx_usart.o
    0x08003b48   0x08003b48   0x000afbe0   Data   RO          171    .constdata          main.o
    0x080b3728   0x080b3728   0x00000050   Data   RO          424    .conststring        bsp_usart.o
    0x080b3778   0x080b3778   0x00000020   Data   RO         3455    Region$$Table       anon$$obj.o


    Execution Region RW_IRAM1 (Exec base: 0x20000000, Load base: 0x080b3798, Size: 0x000037e0, Max: 0x00030000, ABSOLUTE, COMPRESSED[0x000001e4])

    Exec Addr    Load Addr    Size         Type   Attr      Idx    E Section Name        Object

    0x20000000   COMPRESSED   0x00000004   Data   RW            8    .data               systick.o
    0x20000004   COMPRESSED   0x00000002   Data   RW          172    .data               main.o
    0x20000006   COMPRESSED   0x00000002   PAD
    0x20000008   COMPRESSED   0x00000004   Data   RW          349    .data               system_gd32f4xx.o
    0x2000000c   COMPRESSED   0x0000002c   Data   RW          425    .data               bsp_usart.o
    0x20000038   COMPRESSED   0x00000004   Data   RW          614    .data               bsp_buzzer.o
    0x2000003c   COMPRESSED   0x00000008   Data   RW          644    .data               bsp_eye.o
    0x20000044   COMPRESSED   0x00000364   Data   RW          860    .data               bsp_lcd.o
    0x200003a8   COMPRESSED   0x00000022   Data   RW         1103    .data               bsp_ps2.o
    0x200003ca   COMPRESSED   0x00000002   PAD
    0x200003cc   COMPRESSED   0x00000004   Data   RW         3435    .data               mc_w.l(stdout.o)
    0x200003d0        -       0x00003000   Zero   RW          423    .bss                bsp_usart.o
    0x200033d0        -       0x00000009   Zero   RW         1102    .bss                bsp_ps2.o
    0x200033d9   COMPRESSED   0x00000007   PAD
    0x200033e0        -       0x00000400   Zero   RW          385    STACK               startup_gd32f450_470.o


==============================================================================

Image component sizes


      Code (inc. data)   RO Data    RW Data    ZI Data      Debug   Object Name

       100         14          0          4          0       1248   bsp_buzzer.o
        32          4          0          0          0        503   bsp_dma.o
       144         20          0          8          0       1769   bsp_eye.o
        84         38          0          0          0        499   bsp_key.o
       978         28          0        868          0       5798   bsp_lcd.o
       148         16          0          0          0        526   bsp_led.o
       706         68          0          0          0       6609   bsp_motor.o
      1528        104          0          0          0       8204   bsp_pca9685.o
      1160         82          0         34          9       7754   bsp_ps2.o
       280          0          0          0          0        762   bsp_pwm.o
       152         76          0          0          0       1016   bsp_timer.o
       924        108         80         44      12288       5880   bsp_usart.o
       578          0          0          0          0       1752   gd32f4xx_dma.o
        48         10          0          0          0       1334   gd32f4xx_exti.o
       272          0          0          0          0       5019   gd32f4xx_gpio.o
        32          0          0          0          0       4046   gd32f4xx_it.o
       216         20          0          0          0       1484   gd32f4xx_misc.o
       436         44          0          0          0       4179   gd32f4xx_rcu.o
      1300         52          0          0          0       7573   gd32f4xx_timer.o
       672         18          0          0          0       8821   gd32f4xx_usart.o
      1600        262     719840          2          0       3458   main.o
        36          8        428          0       1024        880   startup_gd32f450_470.o
       460         28          0          4          0       2707   system_gd32f4xx.o
       192         32          0          4          0     108462   systick.o

    ----------------------------------------------------------------------
     12110       1032     720380        972      13328     190283   Object Totals
         0          0         32          0          0          0   (incl. Generated)
        32          0          0          4          7          0   (incl. Padding)

    ----------------------------------------------------------------------

      Code (inc. data)   RO Data    RW Data    ZI Data      Debug   Library Member Name

       280         28          0          0          0        156   floor.o
        86          0          0          0          0          0   __dczerorl2.o
         0          0          0          0          0          0   entry.o
         0          0          0          0          0          0   entry10a.o
         0          0          0          0          0          0   entry11a.o
         4          0          0          0          0          0   entry12b.o
         8          4          0          0          0          0   entry2.o
         4          0          0          0          0          0   entry5.o
         0          0          0          0          0          0   entry7b.o
         0          0          0          0          0          0   entry8b.o
         8          4          0          0          0          0   entry9a.o
        30          0          0          0          0          0   handlers.o
        36          8          0          0          0         68   init.o
         0          0          0          0          0          0   iusefp.o
        30          0          0          0          0         68   llshl.o
        36          0          0          0          0         68   llsshr.o
        32          0          0          0          0         68   llushr.o
        36          0          0          0          0        108   memseta.o
       866         14          0          0          0        352   printf6.o
         0          0          0          4          0          0   stdout.o
        44          0          0          0          0         80   uidiv.o
        48          0          0          0          0         68   cdrcmple.o
       334          0          0          0          0        148   dadd.o
       222          0          0          0          0        100   ddiv.o
       186          0          0          0          0        176   depilogue.o
        50          0          0          0          0         76   dfixui.o
        26          0          0          0          0         76   dfltui.o
       228          0          0          0          0         96   dmul.o
        38          0          0          0          0         68   f2d.o

    ----------------------------------------------------------------------
      2638         58          0          4          0       1776   Library Totals
         6          0          0          0          0          0   (incl. Padding)

    ----------------------------------------------------------------------

      Code (inc. data)   RO Data    RW Data    ZI Data      Debug   Library Name

       280         28          0          0          0        156   m_wm.l
      1220         30          0          4          0        812   mc_w.l
      1132          0          0          0          0        808   mf_w.l

    ----------------------------------------------------------------------
      2638         58          0          4          0       1776   Library Totals

    ----------------------------------------------------------------------

==============================================================================


      Code (inc. data)   RO Data    RW Data    ZI Data      Debug   

     14748       1090     720380        976      13328     179563   Grand Totals
     14748       1090     720380        484      13328     179563   ELF Image Totals (compressed)
     14748       1090     720380        484          0          0   ROM Totals

==============================================================================

    Total RO  Size (Code + RO Data)               735128 ( 717.90kB)
    Total RW  Size (RW Data + ZI Data)             14304 (  13.97kB)
    Total ROM Size (Code + RO Data + RW Data)     735612 ( 718.37kB)

==============================================================================

