<html>
<body>
<pre>
<h1>µVision Build Log</h1>
<h2>Tool Versions:</h2>
IDE-Version: ¦ÌVision V5.36.0.0
Copyright (C) 2021 ARM Ltd and ARM Germany GmbH. All rights reserved.
License Information: sunsleet admin, co, LIC=YA39H-WTBHF-JJF6S-LSK9B-2CWLV-ZBJ1H
 
Tool Versions:
Toolchain:       MDK-ARM Plus  Version: 5.36.0.0
Toolchain Path:  D:\Keil_v5\ARM\ARMCC\Bin
C Compiler:      Armcc.exe V5.06 update 7 (build 960)
Assembler:       Armasm.exe V5.06 update 7 (build 960)
Linker/Locator:  ArmLink.exe V5.06 update 7 (build 960)
Library Manager: ArmAr.exe V5.06 update 7 (build 960)
Hex Converter:   FromElf.exe V5.06 update 7 (build 960)
CPU DLL:         SARMCM3.DLL V5.36.0.0
Dialog DLL:      DCM.DLL V1.17.3.0
Target DLL:      CMSIS_AGDI.dll V1.33.0.0
Dialog DLL:      TCM.DLL V1.53.0.0
 
<h2>Project:</h2>
D:\home\Downloads\100×ÛºÏ\Project\GD32F450.uvprojx
Project File Date:  01/26/2026

<h2>Output:</h2>
*** Using Compiler 'V5.06 update 7 (build 960)', folder: 'D:\Keil_v5\ARM\ARMCC\Bin'
Build target 'GD32F450'
compiling bsp_eye.c...
..\Hardware\eye\bsp_eye.h(20): warning:  #1295-D: Deprecated declaration switch_eye_left_status - give arg types
  void switch_eye_left_status();
..\Hardware\eye\bsp_eye.h(22): warning:  #1295-D: Deprecated declaration switch_eye_right_status - give arg types
  void switch_eye_right_status();
..\Hardware\eye\bsp_eye.h(24): warning:  #1-D: last line of file ends without a newline
  #endif /*_BSP_EYE_H*/
..\Hardware\eye\bsp_eye.c(36): warning:  #1-D: last line of file ends without a newline
  }
..\Hardware\eye\bsp_eye.c: 4 warnings, 0 errors
linking...
Program Size: Code=14748 RO-data=720380 RW-data=976 ZI-data=13328  
FromELF: creating hex file...
".\Objects\GD32F450.axf" - 0 Error(s), 4 Warning(s).

<h2>Software Packages used:</h2>

Package Vendor: GigaDevice
                http://gd32mcu.com/data/documents/pack/GigaDevice.GD32F4xx_DFP.2.1.0.pack
                GigaDevice.GD32F4xx_DFP.2.1.0
                GigaDevice GD32F4xx Series Device Support and Examples

<h2>Collection of Component include folders:</h2>
  D:\Keil_v5\Packs\GigaDevice\GD32F4xx_DFP\2.1.0\Device\F4XX\Include

<h2>Collection of Component Files used:</h2>
Build Time Elapsed:  00:00:02
</pre>
</body>
</html>
